// Jest Snapshot v1, https://goo.gl/fbAQLP

exports[`RightToolbar renders RightToolbar correctly 1`] = `
<Button
  aria-label="SearchTraces"
  className=""
  component="button"
  isActive={false}
  isBlock={false}
  isDisabled={false}
  isFocus={false}
  isHover={false}
  onClick={[Function]}
  type="button"
  variant="primary"
>
  <SearchIcon
    color="currentColor"
    size="sm"
    title={null}
  />
   Search Traces
</Button>
`;
