// Jest Snapshot v1, https://goo.gl/fbAQLP

exports[`#ServiceInfoVirtualServices render correctly with data should render service virtual services 1`] = `
ShallowWrapper {
  "length": 1,
  Symbol(enzyme.__root__): [Circular],
  Symbol(enzyme.__unrendered__): <ServiceInfoVirtualServices
    editorLink="/namespaces/test_namespace/services/test_services"
    validations={Object {}}
    virtualServices={
      Array [
        Object {
          "createdAt": "2018-03-14T10:17:52Z",
          "gateways": Array [
            "reviews",
          ],
          "hosts": Array [
            "rewiews",
          ],
          "http": Array [
            Object {
              "route": Array [
                Object {
                  "destination": Object {
                    "host": "reviews",
                    "subset": "v1",
                  },
                  "weight": 55,
                },
                Object {
                  "destination": Object {
                    "host": "reviews",
                    "subset": "v3",
                  },
                  "weight": 55,
                },
              ],
            },
          ],
          "name": "reviews-default",
          "resourceVersion": "1234",
          "tcp": Array [
            Object {
              "match": Array [],
              "route": Array [
                Object {
                  "destination": Object {
                    "host": "reviews",
                    "subset": "v1",
                  },
                  "weight": 55,
                },
                Object {
                  "destination": Object {
                    "host": "reviews",
                    "subset": "v2",
                  },
                  "weight": 55,
                },
              ],
            },
          ],
        },
      ]
    }
  />,
  Symbol(enzyme.__renderer__): Object {
    "batchedUpdates": [Function],
    "getNode": [Function],
    "render": [Function],
    "simulateEvent": [Function],
    "unmount": [Function],
  },
  Symbol(enzyme.__node__): Object {
    "instance": null,
    "key": undefined,
    "nodeType": "class",
    "props": Object {
      "bsClass": "row",
      "children": <Col
        bsClass="col"
        componentClass="div"
        xs={12}
      >
        <TablePfProvider
          bordered={true}
          className=""
          columns={
            Array [
              Object {
                "cell": Object {
                  "formatters": Array [
                    [Function],
                  ],
                  "props": Object {
                    "align": "text-center",
                  },
                },
                "header": Object {
                  "formatters": Array [
                    [Function],
                  ],
                  "label": "Status",
                },
                "property": "status",
              },
              Object {
                "cell": Object {
                  "formatters": Array [
                    [Function],
                  ],
                },
                "header": Object {
                  "formatters": Array [
                    [Function],
                  ],
                  "label": "Name",
                },
                "property": "name",
              },
              Object {
                "cell": Object {
                  "formatters": Array [
                    [Function],
                  ],
                },
                "header": Object {
                  "formatters": Array [
                    [Function],
                  ],
                  "label": "Created at",
                },
                "property": "createdAt",
              },
              Object {
                "cell": Object {
                  "formatters": Array [
                    [Function],
                  ],
                },
                "header": Object {
                  "formatters": Array [
                    [Function],
                  ],
                  "label": "Resource version",
                },
                "property": "resourceVersion",
              },
              Object {
                "cell": Object {
                  "formatters": Array [
                    [Function],
                  ],
                },
                "header": Object {
                  "formatters": Array [
                    [Function],
                  ],
                  "label": "Actions",
                },
                "property": "actions",
              },
            ]
          }
          components={Object {}}
          condensed={false}
          dataTable={true}
          hover={true}
          inlineEdit={false}
          striped={true}
        >
          <Header
            headerRows={
              Array [
                Array [
                  Object {
                    "cell": Object {
                      "formatters": Array [
                        [Function],
                      ],
                      "props": Object {
                        "align": "text-center",
                      },
                    },
                    "header": Object {
                      "formatters": Array [
                        [Function],
                      ],
                      "label": "Status",
                    },
                    "property": "status",
                    "props": Object {
                      "rowSpan": 1,
                    },
                  },
                  Object {
                    "cell": Object {
                      "formatters": Array [
                        [Function],
                      ],
                    },
                    "header": Object {
                      "formatters": Array [
                        [Function],
                      ],
                      "label": "Name",
                    },
                    "property": "name",
                    "props": Object {
                      "rowSpan": 1,
                    },
                  },
                  Object {
                    "cell": Object {
                      "formatters": Array [
                        [Function],
                      ],
                    },
                    "header": Object {
                      "formatters": Array [
                        [Function],
                      ],
                      "label": "Created at",
                    },
                    "property": "createdAt",
                    "props": Object {
                      "rowSpan": 1,
                    },
                  },
                  Object {
                    "cell": Object {
                      "formatters": Array [
                        [Function],
                      ],
                    },
                    "header": Object {
                      "formatters": Array [
                        [Function],
                      ],
                      "label": "Resource version",
                    },
                    "property": "resourceVersion",
                    "props": Object {
                      "rowSpan": 1,
                    },
                  },
                  Object {
                    "cell": Object {
                      "formatters": Array [
                        [Function],
                      ],
                    },
                    "header": Object {
                      "formatters": Array [
                        [Function],
                      ],
                      "label": "Actions",
                    },
                    "property": "actions",
                    "props": Object {
                      "rowSpan": 1,
                    },
                  },
                ],
              ]
            }
          />
          <Body
            onRow={[Function]}
            rowKey="id"
            rows={
              Array [
                Object {
                  "actions": <Link
                    replace={false}
                    to="/namespaces/test_namespace/services/test_services?virtualservice=reviews-default"
                  >
                    View YAML
                  </Link>,
                  "createdAt": <LocalTime
                    time="2018-03-14T10:17:52Z"
                  />,
                  "id": 0,
                  "name": <Link
                    replace={false}
                    to="/namespaces/test_namespace/services/test_services?virtualservice=reviews-default"
                  >
                    reviews-default
                  </Link>,
                  "resourceVersion": "1234",
                  "status": <ConfigIndicator
                    id="0-config-validation"
                    validation={undefined}
                  />,
                },
              ]
            }
          />
        </TablePfProvider>
      </Col>,
      "className": "card-pf-body",
      "componentClass": "div",
    },
    "ref": null,
    "rendered": Object {
      "instance": null,
      "key": undefined,
      "nodeType": "class",
      "props": Object {
        "bsClass": "col",
        "children": <TablePfProvider
          bordered={true}
          className=""
          columns={
            Array [
              Object {
                "cell": Object {
                  "formatters": Array [
                    [Function],
                  ],
                  "props": Object {
                    "align": "text-center",
                  },
                },
                "header": Object {
                  "formatters": Array [
                    [Function],
                  ],
                  "label": "Status",
                },
                "property": "status",
              },
              Object {
                "cell": Object {
                  "formatters": Array [
                    [Function],
                  ],
                },
                "header": Object {
                  "formatters": Array [
                    [Function],
                  ],
                  "label": "Name",
                },
                "property": "name",
              },
              Object {
                "cell": Object {
                  "formatters": Array [
                    [Function],
                  ],
                },
                "header": Object {
                  "formatters": Array [
                    [Function],
                  ],
                  "label": "Created at",
                },
                "property": "createdAt",
              },
              Object {
                "cell": Object {
                  "formatters": Array [
                    [Function],
                  ],
                },
                "header": Object {
                  "formatters": Array [
                    [Function],
                  ],
                  "label": "Resource version",
                },
                "property": "resourceVersion",
              },
              Object {
                "cell": Object {
                  "formatters": Array [
                    [Function],
                  ],
                },
                "header": Object {
                  "formatters": Array [
                    [Function],
                  ],
                  "label": "Actions",
                },
                "property": "actions",
              },
            ]
          }
          components={Object {}}
          condensed={false}
          dataTable={true}
          hover={true}
          inlineEdit={false}
          striped={true}
        >
          <Header
            headerRows={
              Array [
                Array [
                  Object {
                    "cell": Object {
                      "formatters": Array [
                        [Function],
                      ],
                      "props": Object {
                        "align": "text-center",
                      },
                    },
                    "header": Object {
                      "formatters": Array [
                        [Function],
                      ],
                      "label": "Status",
                    },
                    "property": "status",
                    "props": Object {
                      "rowSpan": 1,
                    },
                  },
                  Object {
                    "cell": Object {
                      "formatters": Array [
                        [Function],
                      ],
                    },
                    "header": Object {
                      "formatters": Array [
                        [Function],
                      ],
                      "label": "Name",
                    },
                    "property": "name",
                    "props": Object {
                      "rowSpan": 1,
                    },
                  },
                  Object {
                    "cell": Object {
                      "formatters": Array [
                        [Function],
                      ],
                    },
                    "header": Object {
                      "formatters": Array [
                        [Function],
                      ],
                      "label": "Created at",
                    },
                    "property": "createdAt",
                    "props": Object {
                      "rowSpan": 1,
                    },
                  },
                  Object {
                    "cell": Object {
                      "formatters": Array [
                        [Function],
                      ],
                    },
                    "header": Object {
                      "formatters": Array [
                        [Function],
                      ],
                      "label": "Resource version",
                    },
                    "property": "resourceVersion",
                    "props": Object {
                      "rowSpan": 1,
                    },
                  },
                  Object {
                    "cell": Object {
                      "formatters": Array [
                        [Function],
                      ],
                    },
                    "header": Object {
                      "formatters": Array [
                        [Function],
                      ],
                      "label": "Actions",
                    },
                    "property": "actions",
                    "props": Object {
                      "rowSpan": 1,
                    },
                  },
                ],
              ]
            }
          />
          <Body
            onRow={[Function]}
            rowKey="id"
            rows={
              Array [
                Object {
                  "actions": <Link
                    replace={false}
                    to="/namespaces/test_namespace/services/test_services?virtualservice=reviews-default"
                  >
                    View YAML
                  </Link>,
                  "createdAt": <LocalTime
                    time="2018-03-14T10:17:52Z"
                  />,
                  "id": 0,
                  "name": <Link
                    replace={false}
                    to="/namespaces/test_namespace/services/test_services?virtualservice=reviews-default"
                  >
                    reviews-default
                  </Link>,
                  "resourceVersion": "1234",
                  "status": <ConfigIndicator
                    id="0-config-validation"
                    validation={undefined}
                  />,
                },
              ]
            }
          />
        </TablePfProvider>,
        "componentClass": "div",
        "xs": 12,
      },
      "ref": null,
      "rendered": Object {
        "instance": null,
        "key": undefined,
        "nodeType": "function",
        "props": Object {
          "bordered": true,
          "children": Array [
            <Header
              headerRows={
                Array [
                  Array [
                    Object {
                      "cell": Object {
                        "formatters": Array [
                          [Function],
                        ],
                        "props": Object {
                          "align": "text-center",
                        },
                      },
                      "header": Object {
                        "formatters": Array [
                          [Function],
                        ],
                        "label": "Status",
                      },
                      "property": "status",
                      "props": Object {
                        "rowSpan": 1,
                      },
                    },
                    Object {
                      "cell": Object {
                        "formatters": Array [
                          [Function],
                        ],
                      },
                      "header": Object {
                        "formatters": Array [
                          [Function],
                        ],
                        "label": "Name",
                      },
                      "property": "name",
                      "props": Object {
                        "rowSpan": 1,
                      },
                    },
                    Object {
                      "cell": Object {
                        "formatters": Array [
                          [Function],
                        ],
                      },
                      "header": Object {
                        "formatters": Array [
                          [Function],
                        ],
                        "label": "Created at",
                      },
                      "property": "createdAt",
                      "props": Object {
                        "rowSpan": 1,
                      },
                    },
                    Object {
                      "cell": Object {
                        "formatters": Array [
                          [Function],
                        ],
                      },
                      "header": Object {
                        "formatters": Array [
                          [Function],
                        ],
                        "label": "Resource version",
                      },
                      "property": "resourceVersion",
                      "props": Object {
                        "rowSpan": 1,
                      },
                    },
                    Object {
                      "cell": Object {
                        "formatters": Array [
                          [Function],
                        ],
                      },
                      "header": Object {
                        "formatters": Array [
                          [Function],
                        ],
                        "label": "Actions",
                      },
                      "property": "actions",
                      "props": Object {
                        "rowSpan": 1,
                      },
                    },
                  ],
                ]
              }
            />,
            <Body
              onRow={[Function]}
              rowKey="id"
              rows={
                Array [
                  Object {
                    "actions": <Link
                      replace={false}
                      to="/namespaces/test_namespace/services/test_services?virtualservice=reviews-default"
                    >
                      View YAML
                    </Link>,
                    "createdAt": <LocalTime
                      time="2018-03-14T10:17:52Z"
                    />,
                    "id": 0,
                    "name": <Link
                      replace={false}
                      to="/namespaces/test_namespace/services/test_services?virtualservice=reviews-default"
                    >
                      reviews-default
                    </Link>,
                    "resourceVersion": "1234",
                    "status": <ConfigIndicator
                      id="0-config-validation"
                      validation={undefined}
                    />,
                  },
                ]
              }
            />,
          ],
          "className": "",
          "columns": Array [
            Object {
              "cell": Object {
                "formatters": Array [
                  [Function],
                ],
                "props": Object {
                  "align": "text-center",
                },
              },
              "header": Object {
                "formatters": Array [
                  [Function],
                ],
                "label": "Status",
              },
              "property": "status",
            },
            Object {
              "cell": Object {
                "formatters": Array [
                  [Function],
                ],
              },
              "header": Object {
                "formatters": Array [
                  [Function],
                ],
                "label": "Name",
              },
              "property": "name",
            },
            Object {
              "cell": Object {
                "formatters": Array [
                  [Function],
                ],
              },
              "header": Object {
                "formatters": Array [
                  [Function],
                ],
                "label": "Created at",
              },
              "property": "createdAt",
            },
            Object {
              "cell": Object {
                "formatters": Array [
                  [Function],
                ],
              },
              "header": Object {
                "formatters": Array [
                  [Function],
                ],
                "label": "Resource version",
              },
              "property": "resourceVersion",
            },
            Object {
              "cell": Object {
                "formatters": Array [
                  [Function],
                ],
              },
              "header": Object {
                "formatters": Array [
                  [Function],
                ],
                "label": "Actions",
              },
              "property": "actions",
            },
          ],
          "components": Object {},
          "condensed": false,
          "dataTable": true,
          "hover": true,
          "inlineEdit": false,
          "striped": true,
        },
        "ref": null,
        "rendered": Array [
          Object {
            "instance": null,
            "key": undefined,
            "nodeType": "class",
            "props": Object {
              "headerRows": Array [
                Array [
                  Object {
                    "cell": Object {
                      "formatters": Array [
                        [Function],
                      ],
                      "props": Object {
                        "align": "text-center",
                      },
                    },
                    "header": Object {
                      "formatters": Array [
                        [Function],
                      ],
                      "label": "Status",
                    },
                    "property": "status",
                    "props": Object {
                      "rowSpan": 1,
                    },
                  },
                  Object {
                    "cell": Object {
                      "formatters": Array [
                        [Function],
                      ],
                    },
                    "header": Object {
                      "formatters": Array [
                        [Function],
                      ],
                      "label": "Name",
                    },
                    "property": "name",
                    "props": Object {
                      "rowSpan": 1,
                    },
                  },
                  Object {
                    "cell": Object {
                      "formatters": Array [
                        [Function],
                      ],
                    },
                    "header": Object {
                      "formatters": Array [
                        [Function],
                      ],
                      "label": "Created at",
                    },
                    "property": "createdAt",
                    "props": Object {
                      "rowSpan": 1,
                    },
                  },
                  Object {
                    "cell": Object {
                      "formatters": Array [
                        [Function],
                      ],
                    },
                    "header": Object {
                      "formatters": Array [
                        [Function],
                      ],
                      "label": "Resource version",
                    },
                    "property": "resourceVersion",
                    "props": Object {
                      "rowSpan": 1,
                    },
                  },
                  Object {
                    "cell": Object {
                      "formatters": Array [
                        [Function],
                      ],
                    },
                    "header": Object {
                      "formatters": Array [
                        [Function],
                      ],
                      "label": "Actions",
                    },
                    "property": "actions",
                    "props": Object {
                      "rowSpan": 1,
                    },
                  },
                ],
              ],
            },
            "ref": null,
            "rendered": null,
            "type": [Function],
          },
          Object {
            "instance": null,
            "key": undefined,
            "nodeType": "class",
            "props": Object {
              "onRow": [Function],
              "rowKey": "id",
              "rows": Array [
                Object {
                  "actions": <Link
                    replace={false}
                    to="/namespaces/test_namespace/services/test_services?virtualservice=reviews-default"
                  >
                    View YAML
                  </Link>,
                  "createdAt": <LocalTime
                    time="2018-03-14T10:17:52Z"
                  />,
                  "id": 0,
                  "name": <Link
                    replace={false}
                    to="/namespaces/test_namespace/services/test_services?virtualservice=reviews-default"
                  >
                    reviews-default
                  </Link>,
                  "resourceVersion": "1234",
                  "status": <ConfigIndicator
                    id="0-config-validation"
                    validation={undefined}
                  />,
                },
              ],
            },
            "ref": null,
            "rendered": null,
            "type": [Function],
          },
        ],
        "type": [Function],
      },
      "type": [Function],
    },
    "type": [Function],
  },
  Symbol(enzyme.__nodes__): Array [
    Object {
      "instance": null,
      "key": undefined,
      "nodeType": "class",
      "props": Object {
        "bsClass": "row",
        "children": <Col
          bsClass="col"
          componentClass="div"
          xs={12}
        >
          <TablePfProvider
            bordered={true}
            className=""
            columns={
              Array [
                Object {
                  "cell": Object {
                    "formatters": Array [
                      [Function],
                    ],
                    "props": Object {
                      "align": "text-center",
                    },
                  },
                  "header": Object {
                    "formatters": Array [
                      [Function],
                    ],
                    "label": "Status",
                  },
                  "property": "status",
                },
                Object {
                  "cell": Object {
                    "formatters": Array [
                      [Function],
                    ],
                  },
                  "header": Object {
                    "formatters": Array [
                      [Function],
                    ],
                    "label": "Name",
                  },
                  "property": "name",
                },
                Object {
                  "cell": Object {
                    "formatters": Array [
                      [Function],
                    ],
                  },
                  "header": Object {
                    "formatters": Array [
                      [Function],
                    ],
                    "label": "Created at",
                  },
                  "property": "createdAt",
                },
                Object {
                  "cell": Object {
                    "formatters": Array [
                      [Function],
                    ],
                  },
                  "header": Object {
                    "formatters": Array [
                      [Function],
                    ],
                    "label": "Resource version",
                  },
                  "property": "resourceVersion",
                },
                Object {
                  "cell": Object {
                    "formatters": Array [
                      [Function],
                    ],
                  },
                  "header": Object {
                    "formatters": Array [
                      [Function],
                    ],
                    "label": "Actions",
                  },
                  "property": "actions",
                },
              ]
            }
            components={Object {}}
            condensed={false}
            dataTable={true}
            hover={true}
            inlineEdit={false}
            striped={true}
          >
            <Header
              headerRows={
                Array [
                  Array [
                    Object {
                      "cell": Object {
                        "formatters": Array [
                          [Function],
                        ],
                        "props": Object {
                          "align": "text-center",
                        },
                      },
                      "header": Object {
                        "formatters": Array [
                          [Function],
                        ],
                        "label": "Status",
                      },
                      "property": "status",
                      "props": Object {
                        "rowSpan": 1,
                      },
                    },
                    Object {
                      "cell": Object {
                        "formatters": Array [
                          [Function],
                        ],
                      },
                      "header": Object {
                        "formatters": Array [
                          [Function],
                        ],
                        "label": "Name",
                      },
                      "property": "name",
                      "props": Object {
                        "rowSpan": 1,
                      },
                    },
                    Object {
                      "cell": Object {
                        "formatters": Array [
                          [Function],
                        ],
                      },
                      "header": Object {
                        "formatters": Array [
                          [Function],
                        ],
                        "label": "Created at",
                      },
                      "property": "createdAt",
                      "props": Object {
                        "rowSpan": 1,
                      },
                    },
                    Object {
                      "cell": Object {
                        "formatters": Array [
                          [Function],
                        ],
                      },
                      "header": Object {
                        "formatters": Array [
                          [Function],
                        ],
                        "label": "Resource version",
                      },
                      "property": "resourceVersion",
                      "props": Object {
                        "rowSpan": 1,
                      },
                    },
                    Object {
                      "cell": Object {
                        "formatters": Array [
                          [Function],
                        ],
                      },
                      "header": Object {
                        "formatters": Array [
                          [Function],
                        ],
                        "label": "Actions",
                      },
                      "property": "actions",
                      "props": Object {
                        "rowSpan": 1,
                      },
                    },
                  ],
                ]
              }
            />
            <Body
              onRow={[Function]}
              rowKey="id"
              rows={
                Array [
                  Object {
                    "actions": <Link
                      replace={false}
                      to="/namespaces/test_namespace/services/test_services?virtualservice=reviews-default"
                    >
                      View YAML
                    </Link>,
                    "createdAt": <LocalTime
                      time="2018-03-14T10:17:52Z"
                    />,
                    "id": 0,
                    "name": <Link
                      replace={false}
                      to="/namespaces/test_namespace/services/test_services?virtualservice=reviews-default"
                    >
                      reviews-default
                    </Link>,
                    "resourceVersion": "1234",
                    "status": <ConfigIndicator
                      id="0-config-validation"
                      validation={undefined}
                    />,
                  },
                ]
              }
            />
          </TablePfProvider>
        </Col>,
        "className": "card-pf-body",
        "componentClass": "div",
      },
      "ref": null,
      "rendered": Object {
        "instance": null,
        "key": undefined,
        "nodeType": "class",
        "props": Object {
          "bsClass": "col",
          "children": <TablePfProvider
            bordered={true}
            className=""
            columns={
              Array [
                Object {
                  "cell": Object {
                    "formatters": Array [
                      [Function],
                    ],
                    "props": Object {
                      "align": "text-center",
                    },
                  },
                  "header": Object {
                    "formatters": Array [
                      [Function],
                    ],
                    "label": "Status",
                  },
                  "property": "status",
                },
                Object {
                  "cell": Object {
                    "formatters": Array [
                      [Function],
                    ],
                  },
                  "header": Object {
                    "formatters": Array [
                      [Function],
                    ],
                    "label": "Name",
                  },
                  "property": "name",
                },
                Object {
                  "cell": Object {
                    "formatters": Array [
                      [Function],
                    ],
                  },
                  "header": Object {
                    "formatters": Array [
                      [Function],
                    ],
                    "label": "Created at",
                  },
                  "property": "createdAt",
                },
                Object {
                  "cell": Object {
                    "formatters": Array [
                      [Function],
                    ],
                  },
                  "header": Object {
                    "formatters": Array [
                      [Function],
                    ],
                    "label": "Resource version",
                  },
                  "property": "resourceVersion",
                },
                Object {
                  "cell": Object {
                    "formatters": Array [
                      [Function],
                    ],
                  },
                  "header": Object {
                    "formatters": Array [
                      [Function],
                    ],
                    "label": "Actions",
                  },
                  "property": "actions",
                },
              ]
            }
            components={Object {}}
            condensed={false}
            dataTable={true}
            hover={true}
            inlineEdit={false}
            striped={true}
          >
            <Header
              headerRows={
                Array [
                  Array [
                    Object {
                      "cell": Object {
                        "formatters": Array [
                          [Function],
                        ],
                        "props": Object {
                          "align": "text-center",
                        },
                      },
                      "header": Object {
                        "formatters": Array [
                          [Function],
                        ],
                        "label": "Status",
                      },
                      "property": "status",
                      "props": Object {
                        "rowSpan": 1,
                      },
                    },
                    Object {
                      "cell": Object {
                        "formatters": Array [
                          [Function],
                        ],
                      },
                      "header": Object {
                        "formatters": Array [
                          [Function],
                        ],
                        "label": "Name",
                      },
                      "property": "name",
                      "props": Object {
                        "rowSpan": 1,
                      },
                    },
                    Object {
                      "cell": Object {
                        "formatters": Array [
                          [Function],
                        ],
                      },
                      "header": Object {
                        "formatters": Array [
                          [Function],
                        ],
                        "label": "Created at",
                      },
                      "property": "createdAt",
                      "props": Object {
                        "rowSpan": 1,
                      },
                    },
                    Object {
                      "cell": Object {
                        "formatters": Array [
                          [Function],
                        ],
                      },
                      "header": Object {
                        "formatters": Array [
                          [Function],
                        ],
                        "label": "Resource version",
                      },
                      "property": "resourceVersion",
                      "props": Object {
                        "rowSpan": 1,
                      },
                    },
                    Object {
                      "cell": Object {
                        "formatters": Array [
                          [Function],
                        ],
                      },
                      "header": Object {
                        "formatters": Array [
                          [Function],
                        ],
                        "label": "Actions",
                      },
                      "property": "actions",
                      "props": Object {
                        "rowSpan": 1,
                      },
                    },
                  ],
                ]
              }
            />
            <Body
              onRow={[Function]}
              rowKey="id"
              rows={
                Array [
                  Object {
                    "actions": <Link
                      replace={false}
                      to="/namespaces/test_namespace/services/test_services?virtualservice=reviews-default"
                    >
                      View YAML
                    </Link>,
                    "createdAt": <LocalTime
                      time="2018-03-14T10:17:52Z"
                    />,
                    "id": 0,
                    "name": <Link
                      replace={false}
                      to="/namespaces/test_namespace/services/test_services?virtualservice=reviews-default"
                    >
                      reviews-default
                    </Link>,
                    "resourceVersion": "1234",
                    "status": <ConfigIndicator
                      id="0-config-validation"
                      validation={undefined}
                    />,
                  },
                ]
              }
            />
          </TablePfProvider>,
          "componentClass": "div",
          "xs": 12,
        },
        "ref": null,
        "rendered": Object {
          "instance": null,
          "key": undefined,
          "nodeType": "function",
          "props": Object {
            "bordered": true,
            "children": Array [
              <Header
                headerRows={
                  Array [
                    Array [
                      Object {
                        "cell": Object {
                          "formatters": Array [
                            [Function],
                          ],
                          "props": Object {
                            "align": "text-center",
                          },
                        },
                        "header": Object {
                          "formatters": Array [
                            [Function],
                          ],
                          "label": "Status",
                        },
                        "property": "status",
                        "props": Object {
                          "rowSpan": 1,
                        },
                      },
                      Object {
                        "cell": Object {
                          "formatters": Array [
                            [Function],
                          ],
                        },
                        "header": Object {
                          "formatters": Array [
                            [Function],
                          ],
                          "label": "Name",
                        },
                        "property": "name",
                        "props": Object {
                          "rowSpan": 1,
                        },
                      },
                      Object {
                        "cell": Object {
                          "formatters": Array [
                            [Function],
                          ],
                        },
                        "header": Object {
                          "formatters": Array [
                            [Function],
                          ],
                          "label": "Created at",
                        },
                        "property": "createdAt",
                        "props": Object {
                          "rowSpan": 1,
                        },
                      },
                      Object {
                        "cell": Object {
                          "formatters": Array [
                            [Function],
                          ],
                        },
                        "header": Object {
                          "formatters": Array [
                            [Function],
                          ],
                          "label": "Resource version",
                        },
                        "property": "resourceVersion",
                        "props": Object {
                          "rowSpan": 1,
                        },
                      },
                      Object {
                        "cell": Object {
                          "formatters": Array [
                            [Function],
                          ],
                        },
                        "header": Object {
                          "formatters": Array [
                            [Function],
                          ],
                          "label": "Actions",
                        },
                        "property": "actions",
                        "props": Object {
                          "rowSpan": 1,
                        },
                      },
                    ],
                  ]
                }
              />,
              <Body
                onRow={[Function]}
                rowKey="id"
                rows={
                  Array [
                    Object {
                      "actions": <Link
                        replace={false}
                        to="/namespaces/test_namespace/services/test_services?virtualservice=reviews-default"
                      >
                        View YAML
                      </Link>,
                      "createdAt": <LocalTime
                        time="2018-03-14T10:17:52Z"
                      />,
                      "id": 0,
                      "name": <Link
                        replace={false}
                        to="/namespaces/test_namespace/services/test_services?virtualservice=reviews-default"
                      >
                        reviews-default
                      </Link>,
                      "resourceVersion": "1234",
                      "status": <ConfigIndicator
                        id="0-config-validation"
                        validation={undefined}
                      />,
                    },
                  ]
                }
              />,
            ],
            "className": "",
            "columns": Array [
              Object {
                "cell": Object {
                  "formatters": Array [
                    [Function],
                  ],
                  "props": Object {
                    "align": "text-center",
                  },
                },
                "header": Object {
                  "formatters": Array [
                    [Function],
                  ],
                  "label": "Status",
                },
                "property": "status",
              },
              Object {
                "cell": Object {
                  "formatters": Array [
                    [Function],
                  ],
                },
                "header": Object {
                  "formatters": Array [
                    [Function],
                  ],
                  "label": "Name",
                },
                "property": "name",
              },
              Object {
                "cell": Object {
                  "formatters": Array [
                    [Function],
                  ],
                },
                "header": Object {
                  "formatters": Array [
                    [Function],
                  ],
                  "label": "Created at",
                },
                "property": "createdAt",
              },
              Object {
                "cell": Object {
                  "formatters": Array [
                    [Function],
                  ],
                },
                "header": Object {
                  "formatters": Array [
                    [Function],
                  ],
                  "label": "Resource version",
                },
                "property": "resourceVersion",
              },
              Object {
                "cell": Object {
                  "formatters": Array [
                    [Function],
                  ],
                },
                "header": Object {
                  "formatters": Array [
                    [Function],
                  ],
                  "label": "Actions",
                },
                "property": "actions",
              },
            ],
            "components": Object {},
            "condensed": false,
            "dataTable": true,
            "hover": true,
            "inlineEdit": false,
            "striped": true,
          },
          "ref": null,
          "rendered": Array [
            Object {
              "instance": null,
              "key": undefined,
              "nodeType": "class",
              "props": Object {
                "headerRows": Array [
                  Array [
                    Object {
                      "cell": Object {
                        "formatters": Array [
                          [Function],
                        ],
                        "props": Object {
                          "align": "text-center",
                        },
                      },
                      "header": Object {
                        "formatters": Array [
                          [Function],
                        ],
                        "label": "Status",
                      },
                      "property": "status",
                      "props": Object {
                        "rowSpan": 1,
                      },
                    },
                    Object {
                      "cell": Object {
                        "formatters": Array [
                          [Function],
                        ],
                      },
                      "header": Object {
                        "formatters": Array [
                          [Function],
                        ],
                        "label": "Name",
                      },
                      "property": "name",
                      "props": Object {
                        "rowSpan": 1,
                      },
                    },
                    Object {
                      "cell": Object {
                        "formatters": Array [
                          [Function],
                        ],
                      },
                      "header": Object {
                        "formatters": Array [
                          [Function],
                        ],
                        "label": "Created at",
                      },
                      "property": "createdAt",
                      "props": Object {
                        "rowSpan": 1,
                      },
                    },
                    Object {
                      "cell": Object {
                        "formatters": Array [
                          [Function],
                        ],
                      },
                      "header": Object {
                        "formatters": Array [
                          [Function],
                        ],
                        "label": "Resource version",
                      },
                      "property": "resourceVersion",
                      "props": Object {
                        "rowSpan": 1,
                      },
                    },
                    Object {
                      "cell": Object {
                        "formatters": Array [
                          [Function],
                        ],
                      },
                      "header": Object {
                        "formatters": Array [
                          [Function],
                        ],
                        "label": "Actions",
                      },
                      "property": "actions",
                      "props": Object {
                        "rowSpan": 1,
                      },
                    },
                  ],
                ],
              },
              "ref": null,
              "rendered": null,
              "type": [Function],
            },
            Object {
              "instance": null,
              "key": undefined,
              "nodeType": "class",
              "props": Object {
                "onRow": [Function],
                "rowKey": "id",
                "rows": Array [
                  Object {
                    "actions": <Link
                      replace={false}
                      to="/namespaces/test_namespace/services/test_services?virtualservice=reviews-default"
                    >
                      View YAML
                    </Link>,
                    "createdAt": <LocalTime
                      time="2018-03-14T10:17:52Z"
                    />,
                    "id": 0,
                    "name": <Link
                      replace={false}
                      to="/namespaces/test_namespace/services/test_services?virtualservice=reviews-default"
                    >
                      reviews-default
                    </Link>,
                    "resourceVersion": "1234",
                    "status": <ConfigIndicator
                      id="0-config-validation"
                      validation={undefined}
                    />,
                  },
                ],
              },
              "ref": null,
              "rendered": null,
              "type": [Function],
            },
          ],
          "type": [Function],
        },
        "type": [Function],
      },
      "type": [Function],
    },
  ],
  Symbol(enzyme.__options__): Object {
    "adapter": ReactSixteenAdapter {
      "options": Object {
        "enableComponentDidUpdateOnSetState": true,
      },
    },
  },
}
`;
