// Jest Snapshot v1, https://goo.gl/fbAQLP

exports[`#ServiceInfoDescription render correctly with data should render service description 1`] = `
ShallowWrapper {
  Symbol(enzyme.__root__): [Circular],
  Symbol(enzyme.__unrendered__): <ServiceInfoDescription
    createdAt="2018-04-04T15:11:46Z"
    endpoints={
      Array [
        Object {
          "addresses": Array [
            Object {
              "ip": "172.17.0.11",
              "kind": "Pod",
              "name": "reviews-v2-4140793682-qrpm9",
            },
            Object {
              "ip": "172.17.0.14",
              "kind": "Pod",
              "name": "reviews-v3-3651831602-zn9g6",
            },
            Object {
              "ip": "172.17.0.16",
              "kind": "Pod",
              "name": "reviews-v1-401049526-tfstp",
            },
          ],
          "ports": Array [
            Object {
              "name": "http",
              "port": 9080,
              "protocol": "TCP",
            },
          ],
        },
      ]
    }
    ip="172.30.78.33"
    labels={
      Object {
        "app": "reviews",
      }
    }
    name="reviews"
    namespace="my-namespace"
    resourceVersion="1234"
    type="ClusterIP"
  />,
  Symbol(enzyme.__renderer__): Object {
    "batchedUpdates": [Function],
    "getNode": [Function],
    "render": [Function],
    "simulateError": [Function],
    "simulateEvent": [Function],
    "unmount": [Function],
  },
  Symbol(enzyme.__node__): Object {
    "instance": null,
    "key": undefined,
    "nodeType": "host",
    "props": Object {
      "children": <div
        className="card-pf-body"
      >
        <Row
          bsClass="row"
          componentClass="div"
        >
          <Col
            bsClass="col"
            componentClass="div"
            lg={5}
            md={5}
            sm={6}
            xs={12}
          >
            <div
              className="progress-description"
            >
              <strong>
                Labels
              </strong>
            </div>
            <div
              className="label-collection"
            >
              <Labels
                labels={
                  Object {
                    "app": "reviews",
                  }
                }
              />
            </div>
            <div>
              <strong>
                Type
              </strong>
               
              ClusterIP
            </div>
            <div>
              <strong>
                IP
              </strong>
               
              172.30.78.33
            </div>
            <div>
              <strong>
                Created at
              </strong>
               
              <LocalTime
                time="2018-04-04T15:11:46Z"
              />
            </div>
            <div>
              <strong>
                Resource Version
              </strong>
               
              1234
            </div>
          </Col>
          <Col
            bsClass="col"
            componentClass="div"
            lg={2}
            md={2}
            sm={4}
            xs={12}
          >
            <div
              className="progress-description"
            >
              <ConfigIndicator
                id="reviews-config-validation"
                size="18px"
                validations={
                  Array [
                    Object {},
                  ]
                }
              />
              <strong>
                Ports
              </strong>
            </div>
            <ul
              className="fza38k8"
            />
          </Col>
          <Col
            bsClass="col"
            componentClass="div"
            lg={2}
            md={2}
            sm={6}
            xs={12}
          >
            <div
              className="progress-description"
            >
              <strong>
                Endpoints
              </strong>
            </div>
            <Row
              bsClass="row"
              componentClass="div"
            >
              <Col
                bsClass="col"
                componentClass="div"
                lg={12}
                md={12}
                sm={12}
                xs={12}
              >
                <ul
                  className="fza38k8"
                >
                  <li>
                    <strong>
                      172.17.0.11
                       
                    </strong>
                    : 
                    reviews-v2-4140793682-qrpm9
                  </li>
                  <li>
                    <strong>
                      172.17.0.14
                       
                    </strong>
                    : 
                    reviews-v3-3651831602-zn9g6
                  </li>
                  <li>
                    <strong>
                      172.17.0.16
                       
                    </strong>
                    : 
                    reviews-v1-401049526-tfstp
                  </li>
                </ul>
              </Col>
            </Row>
          </Col>
          <Col
            bsClass="col"
            componentClass="div"
            lg={3}
            md={3}
            sm={6}
            xs={12}
          >
            <div
              className="progress-description"
            >
              <strong>
                Health
              </strong>
            </div>
            <HealthIndicator
              health={undefined}
              id="reviews"
              mode={0}
              tooltipPlacement="left"
            />
          </Col>
        </Row>
      </div>,
      "className": "card-pf",
    },
    "ref": null,
    "rendered": Object {
      "instance": null,
      "key": undefined,
      "nodeType": "host",
      "props": Object {
        "children": <Row
          bsClass="row"
          componentClass="div"
        >
          <Col
            bsClass="col"
            componentClass="div"
            lg={5}
            md={5}
            sm={6}
            xs={12}
          >
            <div
              className="progress-description"
            >
              <strong>
                Labels
              </strong>
            </div>
            <div
              className="label-collection"
            >
              <Labels
                labels={
                  Object {
                    "app": "reviews",
                  }
                }
              />
            </div>
            <div>
              <strong>
                Type
              </strong>
               
              ClusterIP
            </div>
            <div>
              <strong>
                IP
              </strong>
               
              172.30.78.33
            </div>
            <div>
              <strong>
                Created at
              </strong>
               
              <LocalTime
                time="2018-04-04T15:11:46Z"
              />
            </div>
            <div>
              <strong>
                Resource Version
              </strong>
               
              1234
            </div>
          </Col>
          <Col
            bsClass="col"
            componentClass="div"
            lg={2}
            md={2}
            sm={4}
            xs={12}
          >
            <div
              className="progress-description"
            >
              <ConfigIndicator
                id="reviews-config-validation"
                size="18px"
                validations={
                  Array [
                    Object {},
                  ]
                }
              />
              <strong>
                Ports
              </strong>
            </div>
            <ul
              className="fza38k8"
            />
          </Col>
          <Col
            bsClass="col"
            componentClass="div"
            lg={2}
            md={2}
            sm={6}
            xs={12}
          >
            <div
              className="progress-description"
            >
              <strong>
                Endpoints
              </strong>
            </div>
            <Row
              bsClass="row"
              componentClass="div"
            >
              <Col
                bsClass="col"
                componentClass="div"
                lg={12}
                md={12}
                sm={12}
                xs={12}
              >
                <ul
                  className="fza38k8"
                >
                  <li>
                    <strong>
                      172.17.0.11
                       
                    </strong>
                    : 
                    reviews-v2-4140793682-qrpm9
                  </li>
                  <li>
                    <strong>
                      172.17.0.14
                       
                    </strong>
                    : 
                    reviews-v3-3651831602-zn9g6
                  </li>
                  <li>
                    <strong>
                      172.17.0.16
                       
                    </strong>
                    : 
                    reviews-v1-401049526-tfstp
                  </li>
                </ul>
              </Col>
            </Row>
          </Col>
          <Col
            bsClass="col"
            componentClass="div"
            lg={3}
            md={3}
            sm={6}
            xs={12}
          >
            <div
              className="progress-description"
            >
              <strong>
                Health
              </strong>
            </div>
            <HealthIndicator
              health={undefined}
              id="reviews"
              mode={0}
              tooltipPlacement="left"
            />
          </Col>
        </Row>,
        "className": "card-pf-body",
      },
      "ref": null,
      "rendered": Object {
        "instance": null,
        "key": undefined,
        "nodeType": "class",
        "props": Object {
          "bsClass": "row",
          "children": Array [
            <Col
              bsClass="col"
              componentClass="div"
              lg={5}
              md={5}
              sm={6}
              xs={12}
            >
              <div
                className="progress-description"
              >
                <strong>
                  Labels
                </strong>
              </div>
              <div
                className="label-collection"
              >
                <Labels
                  labels={
                    Object {
                      "app": "reviews",
                    }
                  }
                />
              </div>
              <div>
                <strong>
                  Type
                </strong>
                 
                ClusterIP
              </div>
              <div>
                <strong>
                  IP
                </strong>
                 
                172.30.78.33
              </div>
              <div>
                <strong>
                  Created at
                </strong>
                 
                <LocalTime
                  time="2018-04-04T15:11:46Z"
                />
              </div>
              <div>
                <strong>
                  Resource Version
                </strong>
                 
                1234
              </div>
            </Col>,
            <Col
              bsClass="col"
              componentClass="div"
              lg={2}
              md={2}
              sm={4}
              xs={12}
            >
              <div
                className="progress-description"
              >
                <ConfigIndicator
                  id="reviews-config-validation"
                  size="18px"
                  validations={
                    Array [
                      Object {},
                    ]
                  }
                />
                <strong>
                  Ports
                </strong>
              </div>
              <ul
                className="fza38k8"
              />
            </Col>,
            <Col
              bsClass="col"
              componentClass="div"
              lg={2}
              md={2}
              sm={6}
              xs={12}
            >
              <div
                className="progress-description"
              >
                <strong>
                  Endpoints
                </strong>
              </div>
              <Row
                bsClass="row"
                componentClass="div"
              >
                <Col
                  bsClass="col"
                  componentClass="div"
                  lg={12}
                  md={12}
                  sm={12}
                  xs={12}
                >
                  <ul
                    className="fza38k8"
                  >
                    <li>
                      <strong>
                        172.17.0.11
                         
                      </strong>
                      : 
                      reviews-v2-4140793682-qrpm9
                    </li>
                    <li>
                      <strong>
                        172.17.0.14
                         
                      </strong>
                      : 
                      reviews-v3-3651831602-zn9g6
                    </li>
                    <li>
                      <strong>
                        172.17.0.16
                         
                      </strong>
                      : 
                      reviews-v1-401049526-tfstp
                    </li>
                  </ul>
                </Col>
              </Row>
            </Col>,
            <Col
              bsClass="col"
              componentClass="div"
              lg={3}
              md={3}
              sm={6}
              xs={12}
            >
              <div
                className="progress-description"
              >
                <strong>
                  Health
                </strong>
              </div>
              <HealthIndicator
                health={undefined}
                id="reviews"
                mode={0}
                tooltipPlacement="left"
              />
            </Col>,
          ],
          "componentClass": "div",
        },
        "ref": null,
        "rendered": Array [
          Object {
            "instance": null,
            "key": undefined,
            "nodeType": "class",
            "props": Object {
              "bsClass": "col",
              "children": Array [
                <div
                  className="progress-description"
                >
                  <strong>
                    Labels
                  </strong>
                </div>,
                <div
                  className="label-collection"
                >
                  <Labels
                    labels={
                      Object {
                        "app": "reviews",
                      }
                    }
                  />
                </div>,
                <div>
                  <strong>
                    Type
                  </strong>
                   
                  ClusterIP
                </div>,
                <div>
                  <strong>
                    IP
                  </strong>
                   
                  172.30.78.33
                </div>,
                <div>
                  <strong>
                    Created at
                  </strong>
                   
                  <LocalTime
                    time="2018-04-04T15:11:46Z"
                  />
                </div>,
                <div>
                  <strong>
                    Resource Version
                  </strong>
                   
                  1234
                </div>,
                undefined,
              ],
              "componentClass": "div",
              "lg": 5,
              "md": 5,
              "sm": 6,
              "xs": 12,
            },
            "ref": null,
            "rendered": Array [
              Object {
                "instance": null,
                "key": undefined,
                "nodeType": "host",
                "props": Object {
                  "children": <strong>
                    Labels
                  </strong>,
                  "className": "progress-description",
                },
                "ref": null,
                "rendered": Object {
                  "instance": null,
                  "key": undefined,
                  "nodeType": "host",
                  "props": Object {
                    "children": "Labels",
                  },
                  "ref": null,
                  "rendered": "Labels",
                  "type": "strong",
                },
                "type": "div",
              },
              Object {
                "instance": null,
                "key": undefined,
                "nodeType": "host",
                "props": Object {
                  "children": <Labels
                    labels={
                      Object {
                        "app": "reviews",
                      }
                    }
                  />,
                  "className": "label-collection",
                },
                "ref": null,
                "rendered": Object {
                  "instance": null,
                  "key": undefined,
                  "nodeType": "class",
                  "props": Object {
                    "labels": Object {
                      "app": "reviews",
                    },
                  },
                  "ref": null,
                  "rendered": null,
                  "type": [Function],
                },
                "type": "div",
              },
              Object {
                "instance": null,
                "key": undefined,
                "nodeType": "host",
                "props": Object {
                  "children": Array [
                    <strong>
                      Type
                    </strong>,
                    " ",
                    "ClusterIP",
                  ],
                },
                "ref": null,
                "rendered": Array [
                  Object {
                    "instance": null,
                    "key": undefined,
                    "nodeType": "host",
                    "props": Object {
                      "children": "Type",
                    },
                    "ref": null,
                    "rendered": "Type",
                    "type": "strong",
                  },
                  " ",
                  "ClusterIP",
                ],
                "type": "div",
              },
              Object {
                "instance": null,
                "key": undefined,
                "nodeType": "host",
                "props": Object {
                  "children": Array [
                    <strong>
                      IP
                    </strong>,
                    " ",
                    "172.30.78.33",
                  ],
                },
                "ref": null,
                "rendered": Array [
                  Object {
                    "instance": null,
                    "key": undefined,
                    "nodeType": "host",
                    "props": Object {
                      "children": "IP",
                    },
                    "ref": null,
                    "rendered": "IP",
                    "type": "strong",
                  },
                  " ",
                  "172.30.78.33",
                ],
                "type": "div",
              },
              Object {
                "instance": null,
                "key": undefined,
                "nodeType": "host",
                "props": Object {
                  "children": Array [
                    <strong>
                      Created at
                    </strong>,
                    " ",
                    <LocalTime
                      time="2018-04-04T15:11:46Z"
                    />,
                  ],
                },
                "ref": null,
                "rendered": Array [
                  Object {
                    "instance": null,
                    "key": undefined,
                    "nodeType": "host",
                    "props": Object {
                      "children": "Created at",
                    },
                    "ref": null,
                    "rendered": "Created at",
                    "type": "strong",
                  },
                  " ",
                  Object {
                    "instance": null,
                    "key": undefined,
                    "nodeType": "class",
                    "props": Object {
                      "time": "2018-04-04T15:11:46Z",
                    },
                    "ref": null,
                    "rendered": null,
                    "type": [Function],
                  },
                ],
                "type": "div",
              },
              Object {
                "instance": null,
                "key": undefined,
                "nodeType": "host",
                "props": Object {
                  "children": Array [
                    <strong>
                      Resource Version
                    </strong>,
                    " ",
                    "1234",
                  ],
                },
                "ref": null,
                "rendered": Array [
                  Object {
                    "instance": null,
                    "key": undefined,
                    "nodeType": "host",
                    "props": Object {
                      "children": "Resource Version",
                    },
                    "ref": null,
                    "rendered": "Resource Version",
                    "type": "strong",
                  },
                  " ",
                  "1234",
                ],
                "type": "div",
              },
              undefined,
            ],
            "type": [Function],
          },
          Object {
            "instance": null,
            "key": undefined,
            "nodeType": "class",
            "props": Object {
              "bsClass": "col",
              "children": Array [
                <div
                  className="progress-description"
                >
                  <ConfigIndicator
                    id="reviews-config-validation"
                    size="18px"
                    validations={
                      Array [
                        Object {},
                      ]
                    }
                  />
                  <strong>
                    Ports
                  </strong>
                </div>,
                <ul
                  className="fza38k8"
                />,
              ],
              "componentClass": "div",
              "lg": 2,
              "md": 2,
              "sm": 4,
              "xs": 12,
            },
            "ref": null,
            "rendered": Array [
              Object {
                "instance": null,
                "key": undefined,
                "nodeType": "host",
                "props": Object {
                  "children": Array [
                    <ConfigIndicator
                      id="reviews-config-validation"
                      size="18px"
                      validations={
                        Array [
                          Object {},
                        ]
                      }
                    />,
                    <strong>
                      Ports
                    </strong>,
                  ],
                  "className": "progress-description",
                },
                "ref": null,
                "rendered": Array [
                  Object {
                    "instance": null,
                    "key": undefined,
                    "nodeType": "class",
                    "props": Object {
                      "id": "reviews-config-validation",
                      "size": "18px",
                      "validations": Array [
                        Object {},
                      ],
                    },
                    "ref": null,
                    "rendered": null,
                    "type": [Function],
                  },
                  Object {
                    "instance": null,
                    "key": undefined,
                    "nodeType": "host",
                    "props": Object {
                      "children": "Ports",
                    },
                    "ref": null,
                    "rendered": "Ports",
                    "type": "strong",
                  },
                ],
                "type": "div",
              },
              Object {
                "instance": null,
                "key": undefined,
                "nodeType": "host",
                "props": Object {
                  "children": Array [],
                  "className": "fza38k8",
                },
                "ref": null,
                "rendered": Array [],
                "type": "ul",
              },
            ],
            "type": [Function],
          },
          Object {
            "instance": null,
            "key": undefined,
            "nodeType": "class",
            "props": Object {
              "bsClass": "col",
              "children": Array [
                <div
                  className="progress-description"
                >
                  <strong>
                    Endpoints
                  </strong>
                </div>,
                Array [
                  <Row
                    bsClass="row"
                    componentClass="div"
                  >
                    <Col
                      bsClass="col"
                      componentClass="div"
                      lg={12}
                      md={12}
                      sm={12}
                      xs={12}
                    >
                      <ul
                        className="fza38k8"
                      >
                        <li>
                          <strong>
                            172.17.0.11
                             
                          </strong>
                          : 
                          reviews-v2-4140793682-qrpm9
                        </li>
                        <li>
                          <strong>
                            172.17.0.14
                             
                          </strong>
                          : 
                          reviews-v3-3651831602-zn9g6
                        </li>
                        <li>
                          <strong>
                            172.17.0.16
                             
                          </strong>
                          : 
                          reviews-v1-401049526-tfstp
                        </li>
                      </ul>
                    </Col>
                  </Row>,
                ],
              ],
              "componentClass": "div",
              "lg": 2,
              "md": 2,
              "sm": 6,
              "xs": 12,
            },
            "ref": null,
            "rendered": Array [
              Object {
                "instance": null,
                "key": undefined,
                "nodeType": "host",
                "props": Object {
                  "children": <strong>
                    Endpoints
                  </strong>,
                  "className": "progress-description",
                },
                "ref": null,
                "rendered": Object {
                  "instance": null,
                  "key": undefined,
                  "nodeType": "host",
                  "props": Object {
                    "children": "Endpoints",
                  },
                  "ref": null,
                  "rendered": "Endpoints",
                  "type": "strong",
                },
                "type": "div",
              },
              Object {
                "instance": null,
                "key": "endpoint_0",
                "nodeType": "class",
                "props": Object {
                  "bsClass": "row",
                  "children": <Col
                    bsClass="col"
                    componentClass="div"
                    lg={12}
                    md={12}
                    sm={12}
                    xs={12}
                  >
                    <ul
                      className="fza38k8"
                    >
                      <li>
                        <strong>
                          172.17.0.11
                           
                        </strong>
                        : 
                        reviews-v2-4140793682-qrpm9
                      </li>
                      <li>
                        <strong>
                          172.17.0.14
                           
                        </strong>
                        : 
                        reviews-v3-3651831602-zn9g6
                      </li>
                      <li>
                        <strong>
                          172.17.0.16
                           
                        </strong>
                        : 
                        reviews-v1-401049526-tfstp
                      </li>
                    </ul>
                  </Col>,
                  "componentClass": "div",
                },
                "ref": null,
                "rendered": Object {
                  "instance": null,
                  "key": undefined,
                  "nodeType": "class",
                  "props": Object {
                    "bsClass": "col",
                    "children": <ul
                      className="fza38k8"
                    >
                      <li>
                        <strong>
                          172.17.0.11
                           
                        </strong>
                        : 
                        reviews-v2-4140793682-qrpm9
                      </li>
                      <li>
                        <strong>
                          172.17.0.14
                           
                        </strong>
                        : 
                        reviews-v3-3651831602-zn9g6
                      </li>
                      <li>
                        <strong>
                          172.17.0.16
                           
                        </strong>
                        : 
                        reviews-v1-401049526-tfstp
                      </li>
                    </ul>,
                    "componentClass": "div",
                    "lg": 12,
                    "md": 12,
                    "sm": 12,
                    "xs": 12,
                  },
                  "ref": null,
                  "rendered": Object {
                    "instance": null,
                    "key": undefined,
                    "nodeType": "host",
                    "props": Object {
                      "children": Array [
                        <li>
                          <strong>
                            172.17.0.11
                             
                          </strong>
                          : 
                          reviews-v2-4140793682-qrpm9
                        </li>,
                        <li>
                          <strong>
                            172.17.0.14
                             
                          </strong>
                          : 
                          reviews-v3-3651831602-zn9g6
                        </li>,
                        <li>
                          <strong>
                            172.17.0.16
                             
                          </strong>
                          : 
                          reviews-v1-401049526-tfstp
                        </li>,
                      ],
                      "className": "fza38k8",
                    },
                    "ref": null,
                    "rendered": Array [
                      Object {
                        "instance": null,
                        "key": "endpoint_0_address_0",
                        "nodeType": "host",
                        "props": Object {
                          "children": Array [
                            <strong>
                              172.17.0.11
                               
                            </strong>,
                            ": ",
                            "reviews-v2-4140793682-qrpm9",
                          ],
                        },
                        "ref": null,
                        "rendered": Array [
                          Object {
                            "instance": null,
                            "key": undefined,
                            "nodeType": "host",
                            "props": Object {
                              "children": Array [
                                "172.17.0.11",
                                " ",
                              ],
                            },
                            "ref": null,
                            "rendered": Array [
                              "172.17.0.11",
                              " ",
                            ],
                            "type": "strong",
                          },
                          ": ",
                          "reviews-v2-4140793682-qrpm9",
                        ],
                        "type": "li",
                      },
                      Object {
                        "instance": null,
                        "key": "endpoint_0_address_1",
                        "nodeType": "host",
                        "props": Object {
                          "children": Array [
                            <strong>
                              172.17.0.14
                               
                            </strong>,
                            ": ",
                            "reviews-v3-3651831602-zn9g6",
                          ],
                        },
                        "ref": null,
                        "rendered": Array [
                          Object {
                            "instance": null,
                            "key": undefined,
                            "nodeType": "host",
                            "props": Object {
                              "children": Array [
                                "172.17.0.14",
                                " ",
                              ],
                            },
                            "ref": null,
                            "rendered": Array [
                              "172.17.0.14",
                              " ",
                            ],
                            "type": "strong",
                          },
                          ": ",
                          "reviews-v3-3651831602-zn9g6",
                        ],
                        "type": "li",
                      },
                      Object {
                        "instance": null,
                        "key": "endpoint_0_address_2",
                        "nodeType": "host",
                        "props": Object {
                          "children": Array [
                            <strong>
                              172.17.0.16
                               
                            </strong>,
                            ": ",
                            "reviews-v1-401049526-tfstp",
                          ],
                        },
                        "ref": null,
                        "rendered": Array [
                          Object {
                            "instance": null,
                            "key": undefined,
                            "nodeType": "host",
                            "props": Object {
                              "children": Array [
                                "172.17.0.16",
                                " ",
                              ],
                            },
                            "ref": null,
                            "rendered": Array [
                              "172.17.0.16",
                              " ",
                            ],
                            "type": "strong",
                          },
                          ": ",
                          "reviews-v1-401049526-tfstp",
                        ],
                        "type": "li",
                      },
                    ],
                    "type": "ul",
                  },
                  "type": [Function],
                },
                "type": [Function],
              },
            ],
            "type": [Function],
          },
          Object {
            "instance": null,
            "key": undefined,
            "nodeType": "class",
            "props": Object {
              "bsClass": "col",
              "children": Array [
                <div
                  className="progress-description"
                >
                  <strong>
                    Health
                  </strong>
                </div>,
                <HealthIndicator
                  health={undefined}
                  id="reviews"
                  mode={0}
                  tooltipPlacement="left"
                />,
              ],
              "componentClass": "div",
              "lg": 3,
              "md": 3,
              "sm": 6,
              "xs": 12,
            },
            "ref": null,
            "rendered": Array [
              Object {
                "instance": null,
                "key": undefined,
                "nodeType": "host",
                "props": Object {
                  "children": <strong>
                    Health
                  </strong>,
                  "className": "progress-description",
                },
                "ref": null,
                "rendered": Object {
                  "instance": null,
                  "key": undefined,
                  "nodeType": "host",
                  "props": Object {
                    "children": "Health",
                  },
                  "ref": null,
                  "rendered": "Health",
                  "type": "strong",
                },
                "type": "div",
              },
              Object {
                "instance": null,
                "key": undefined,
                "nodeType": "class",
                "props": Object {
                  "health": undefined,
                  "id": "reviews",
                  "mode": 0,
                  "tooltipPlacement": "left",
                },
                "ref": null,
                "rendered": null,
                "type": [Function],
              },
            ],
            "type": [Function],
          },
        ],
        "type": [Function],
      },
      "type": "div",
    },
    "type": "div",
  },
  Symbol(enzyme.__nodes__): Array [
    Object {
      "instance": null,
      "key": undefined,
      "nodeType": "host",
      "props": Object {
        "children": <div
          className="card-pf-body"
        >
          <Row
            bsClass="row"
            componentClass="div"
          >
            <Col
              bsClass="col"
              componentClass="div"
              lg={5}
              md={5}
              sm={6}
              xs={12}
            >
              <div
                className="progress-description"
              >
                <strong>
                  Labels
                </strong>
              </div>
              <div
                className="label-collection"
              >
                <Labels
                  labels={
                    Object {
                      "app": "reviews",
                    }
                  }
                />
              </div>
              <div>
                <strong>
                  Type
                </strong>
                 
                ClusterIP
              </div>
              <div>
                <strong>
                  IP
                </strong>
                 
                172.30.78.33
              </div>
              <div>
                <strong>
                  Created at
                </strong>
                 
                <LocalTime
                  time="2018-04-04T15:11:46Z"
                />
              </div>
              <div>
                <strong>
                  Resource Version
                </strong>
                 
                1234
              </div>
            </Col>
            <Col
              bsClass="col"
              componentClass="div"
              lg={2}
              md={2}
              sm={4}
              xs={12}
            >
              <div
                className="progress-description"
              >
                <ConfigIndicator
                  id="reviews-config-validation"
                  size="18px"
                  validations={
                    Array [
                      Object {},
                    ]
                  }
                />
                <strong>
                  Ports
                </strong>
              </div>
              <ul
                className="fza38k8"
              />
            </Col>
            <Col
              bsClass="col"
              componentClass="div"
              lg={2}
              md={2}
              sm={6}
              xs={12}
            >
              <div
                className="progress-description"
              >
                <strong>
                  Endpoints
                </strong>
              </div>
              <Row
                bsClass="row"
                componentClass="div"
              >
                <Col
                  bsClass="col"
                  componentClass="div"
                  lg={12}
                  md={12}
                  sm={12}
                  xs={12}
                >
                  <ul
                    className="fza38k8"
                  >
                    <li>
                      <strong>
                        172.17.0.11
                         
                      </strong>
                      : 
                      reviews-v2-4140793682-qrpm9
                    </li>
                    <li>
                      <strong>
                        172.17.0.14
                         
                      </strong>
                      : 
                      reviews-v3-3651831602-zn9g6
                    </li>
                    <li>
                      <strong>
                        172.17.0.16
                         
                      </strong>
                      : 
                      reviews-v1-401049526-tfstp
                    </li>
                  </ul>
                </Col>
              </Row>
            </Col>
            <Col
              bsClass="col"
              componentClass="div"
              lg={3}
              md={3}
              sm={6}
              xs={12}
            >
              <div
                className="progress-description"
              >
                <strong>
                  Health
                </strong>
              </div>
              <HealthIndicator
                health={undefined}
                id="reviews"
                mode={0}
                tooltipPlacement="left"
              />
            </Col>
          </Row>
        </div>,
        "className": "card-pf",
      },
      "ref": null,
      "rendered": Object {
        "instance": null,
        "key": undefined,
        "nodeType": "host",
        "props": Object {
          "children": <Row
            bsClass="row"
            componentClass="div"
          >
            <Col
              bsClass="col"
              componentClass="div"
              lg={5}
              md={5}
              sm={6}
              xs={12}
            >
              <div
                className="progress-description"
              >
                <strong>
                  Labels
                </strong>
              </div>
              <div
                className="label-collection"
              >
                <Labels
                  labels={
                    Object {
                      "app": "reviews",
                    }
                  }
                />
              </div>
              <div>
                <strong>
                  Type
                </strong>
                 
                ClusterIP
              </div>
              <div>
                <strong>
                  IP
                </strong>
                 
                172.30.78.33
              </div>
              <div>
                <strong>
                  Created at
                </strong>
                 
                <LocalTime
                  time="2018-04-04T15:11:46Z"
                />
              </div>
              <div>
                <strong>
                  Resource Version
                </strong>
                 
                1234
              </div>
            </Col>
            <Col
              bsClass="col"
              componentClass="div"
              lg={2}
              md={2}
              sm={4}
              xs={12}
            >
              <div
                className="progress-description"
              >
                <ConfigIndicator
                  id="reviews-config-validation"
                  size="18px"
                  validations={
                    Array [
                      Object {},
                    ]
                  }
                />
                <strong>
                  Ports
                </strong>
              </div>
              <ul
                className="fza38k8"
              />
            </Col>
            <Col
              bsClass="col"
              componentClass="div"
              lg={2}
              md={2}
              sm={6}
              xs={12}
            >
              <div
                className="progress-description"
              >
                <strong>
                  Endpoints
                </strong>
              </div>
              <Row
                bsClass="row"
                componentClass="div"
              >
                <Col
                  bsClass="col"
                  componentClass="div"
                  lg={12}
                  md={12}
                  sm={12}
                  xs={12}
                >
                  <ul
                    className="fza38k8"
                  >
                    <li>
                      <strong>
                        172.17.0.11
                         
                      </strong>
                      : 
                      reviews-v2-4140793682-qrpm9
                    </li>
                    <li>
                      <strong>
                        172.17.0.14
                         
                      </strong>
                      : 
                      reviews-v3-3651831602-zn9g6
                    </li>
                    <li>
                      <strong>
                        172.17.0.16
                         
                      </strong>
                      : 
                      reviews-v1-401049526-tfstp
                    </li>
                  </ul>
                </Col>
              </Row>
            </Col>
            <Col
              bsClass="col"
              componentClass="div"
              lg={3}
              md={3}
              sm={6}
              xs={12}
            >
              <div
                className="progress-description"
              >
                <strong>
                  Health
                </strong>
              </div>
              <HealthIndicator
                health={undefined}
                id="reviews"
                mode={0}
                tooltipPlacement="left"
              />
            </Col>
          </Row>,
          "className": "card-pf-body",
        },
        "ref": null,
        "rendered": Object {
          "instance": null,
          "key": undefined,
          "nodeType": "class",
          "props": Object {
            "bsClass": "row",
            "children": Array [
              <Col
                bsClass="col"
                componentClass="div"
                lg={5}
                md={5}
                sm={6}
                xs={12}
              >
                <div
                  className="progress-description"
                >
                  <strong>
                    Labels
                  </strong>
                </div>
                <div
                  className="label-collection"
                >
                  <Labels
                    labels={
                      Object {
                        "app": "reviews",
                      }
                    }
                  />
                </div>
                <div>
                  <strong>
                    Type
                  </strong>
                   
                  ClusterIP
                </div>
                <div>
                  <strong>
                    IP
                  </strong>
                   
                  172.30.78.33
                </div>
                <div>
                  <strong>
                    Created at
                  </strong>
                   
                  <LocalTime
                    time="2018-04-04T15:11:46Z"
                  />
                </div>
                <div>
                  <strong>
                    Resource Version
                  </strong>
                   
                  1234
                </div>
              </Col>,
              <Col
                bsClass="col"
                componentClass="div"
                lg={2}
                md={2}
                sm={4}
                xs={12}
              >
                <div
                  className="progress-description"
                >
                  <ConfigIndicator
                    id="reviews-config-validation"
                    size="18px"
                    validations={
                      Array [
                        Object {},
                      ]
                    }
                  />
                  <strong>
                    Ports
                  </strong>
                </div>
                <ul
                  className="fza38k8"
                />
              </Col>,
              <Col
                bsClass="col"
                componentClass="div"
                lg={2}
                md={2}
                sm={6}
                xs={12}
              >
                <div
                  className="progress-description"
                >
                  <strong>
                    Endpoints
                  </strong>
                </div>
                <Row
                  bsClass="row"
                  componentClass="div"
                >
                  <Col
                    bsClass="col"
                    componentClass="div"
                    lg={12}
                    md={12}
                    sm={12}
                    xs={12}
                  >
                    <ul
                      className="fza38k8"
                    >
                      <li>
                        <strong>
                          172.17.0.11
                           
                        </strong>
                        : 
                        reviews-v2-4140793682-qrpm9
                      </li>
                      <li>
                        <strong>
                          172.17.0.14
                           
                        </strong>
                        : 
                        reviews-v3-3651831602-zn9g6
                      </li>
                      <li>
                        <strong>
                          172.17.0.16
                           
                        </strong>
                        : 
                        reviews-v1-401049526-tfstp
                      </li>
                    </ul>
                  </Col>
                </Row>
              </Col>,
              <Col
                bsClass="col"
                componentClass="div"
                lg={3}
                md={3}
                sm={6}
                xs={12}
              >
                <div
                  className="progress-description"
                >
                  <strong>
                    Health
                  </strong>
                </div>
                <HealthIndicator
                  health={undefined}
                  id="reviews"
                  mode={0}
                  tooltipPlacement="left"
                />
              </Col>,
            ],
            "componentClass": "div",
          },
          "ref": null,
          "rendered": Array [
            Object {
              "instance": null,
              "key": undefined,
              "nodeType": "class",
              "props": Object {
                "bsClass": "col",
                "children": Array [
                  <div
                    className="progress-description"
                  >
                    <strong>
                      Labels
                    </strong>
                  </div>,
                  <div
                    className="label-collection"
                  >
                    <Labels
                      labels={
                        Object {
                          "app": "reviews",
                        }
                      }
                    />
                  </div>,
                  <div>
                    <strong>
                      Type
                    </strong>
                     
                    ClusterIP
                  </div>,
                  <div>
                    <strong>
                      IP
                    </strong>
                     
                    172.30.78.33
                  </div>,
                  <div>
                    <strong>
                      Created at
                    </strong>
                     
                    <LocalTime
                      time="2018-04-04T15:11:46Z"
                    />
                  </div>,
                  <div>
                    <strong>
                      Resource Version
                    </strong>
                     
                    1234
                  </div>,
                  undefined,
                ],
                "componentClass": "div",
                "lg": 5,
                "md": 5,
                "sm": 6,
                "xs": 12,
              },
              "ref": null,
              "rendered": Array [
                Object {
                  "instance": null,
                  "key": undefined,
                  "nodeType": "host",
                  "props": Object {
                    "children": <strong>
                      Labels
                    </strong>,
                    "className": "progress-description",
                  },
                  "ref": null,
                  "rendered": Object {
                    "instance": null,
                    "key": undefined,
                    "nodeType": "host",
                    "props": Object {
                      "children": "Labels",
                    },
                    "ref": null,
                    "rendered": "Labels",
                    "type": "strong",
                  },
                  "type": "div",
                },
                Object {
                  "instance": null,
                  "key": undefined,
                  "nodeType": "host",
                  "props": Object {
                    "children": <Labels
                      labels={
                        Object {
                          "app": "reviews",
                        }
                      }
                    />,
                    "className": "label-collection",
                  },
                  "ref": null,
                  "rendered": Object {
                    "instance": null,
                    "key": undefined,
                    "nodeType": "class",
                    "props": Object {
                      "labels": Object {
                        "app": "reviews",
                      },
                    },
                    "ref": null,
                    "rendered": null,
                    "type": [Function],
                  },
                  "type": "div",
                },
                Object {
                  "instance": null,
                  "key": undefined,
                  "nodeType": "host",
                  "props": Object {
                    "children": Array [
                      <strong>
                        Type
                      </strong>,
                      " ",
                      "ClusterIP",
                    ],
                  },
                  "ref": null,
                  "rendered": Array [
                    Object {
                      "instance": null,
                      "key": undefined,
                      "nodeType": "host",
                      "props": Object {
                        "children": "Type",
                      },
                      "ref": null,
                      "rendered": "Type",
                      "type": "strong",
                    },
                    " ",
                    "ClusterIP",
                  ],
                  "type": "div",
                },
                Object {
                  "instance": null,
                  "key": undefined,
                  "nodeType": "host",
                  "props": Object {
                    "children": Array [
                      <strong>
                        IP
                      </strong>,
                      " ",
                      "172.30.78.33",
                    ],
                  },
                  "ref": null,
                  "rendered": Array [
                    Object {
                      "instance": null,
                      "key": undefined,
                      "nodeType": "host",
                      "props": Object {
                        "children": "IP",
                      },
                      "ref": null,
                      "rendered": "IP",
                      "type": "strong",
                    },
                    " ",
                    "172.30.78.33",
                  ],
                  "type": "div",
                },
                Object {
                  "instance": null,
                  "key": undefined,
                  "nodeType": "host",
                  "props": Object {
                    "children": Array [
                      <strong>
                        Created at
                      </strong>,
                      " ",
                      <LocalTime
                        time="2018-04-04T15:11:46Z"
                      />,
                    ],
                  },
                  "ref": null,
                  "rendered": Array [
                    Object {
                      "instance": null,
                      "key": undefined,
                      "nodeType": "host",
                      "props": Object {
                        "children": "Created at",
                      },
                      "ref": null,
                      "rendered": "Created at",
                      "type": "strong",
                    },
                    " ",
                    Object {
                      "instance": null,
                      "key": undefined,
                      "nodeType": "class",
                      "props": Object {
                        "time": "2018-04-04T15:11:46Z",
                      },
                      "ref": null,
                      "rendered": null,
                      "type": [Function],
                    },
                  ],
                  "type": "div",
                },
                Object {
                  "instance": null,
                  "key": undefined,
                  "nodeType": "host",
                  "props": Object {
                    "children": Array [
                      <strong>
                        Resource Version
                      </strong>,
                      " ",
                      "1234",
                    ],
                  },
                  "ref": null,
                  "rendered": Array [
                    Object {
                      "instance": null,
                      "key": undefined,
                      "nodeType": "host",
                      "props": Object {
                        "children": "Resource Version",
                      },
                      "ref": null,
                      "rendered": "Resource Version",
                      "type": "strong",
                    },
                    " ",
                    "1234",
                  ],
                  "type": "div",
                },
                undefined,
              ],
              "type": [Function],
            },
            Object {
              "instance": null,
              "key": undefined,
              "nodeType": "class",
              "props": Object {
                "bsClass": "col",
                "children": Array [
                  <div
                    className="progress-description"
                  >
                    <ConfigIndicator
                      id="reviews-config-validation"
                      size="18px"
                      validations={
                        Array [
                          Object {},
                        ]
                      }
                    />
                    <strong>
                      Ports
                    </strong>
                  </div>,
                  <ul
                    className="fza38k8"
                  />,
                ],
                "componentClass": "div",
                "lg": 2,
                "md": 2,
                "sm": 4,
                "xs": 12,
              },
              "ref": null,
              "rendered": Array [
                Object {
                  "instance": null,
                  "key": undefined,
                  "nodeType": "host",
                  "props": Object {
                    "children": Array [
                      <ConfigIndicator
                        id="reviews-config-validation"
                        size="18px"
                        validations={
                          Array [
                            Object {},
                          ]
                        }
                      />,
                      <strong>
                        Ports
                      </strong>,
                    ],
                    "className": "progress-description",
                  },
                  "ref": null,
                  "rendered": Array [
                    Object {
                      "instance": null,
                      "key": undefined,
                      "nodeType": "class",
                      "props": Object {
                        "id": "reviews-config-validation",
                        "size": "18px",
                        "validations": Array [
                          Object {},
                        ],
                      },
                      "ref": null,
                      "rendered": null,
                      "type": [Function],
                    },
                    Object {
                      "instance": null,
                      "key": undefined,
                      "nodeType": "host",
                      "props": Object {
                        "children": "Ports",
                      },
                      "ref": null,
                      "rendered": "Ports",
                      "type": "strong",
                    },
                  ],
                  "type": "div",
                },
                Object {
                  "instance": null,
                  "key": undefined,
                  "nodeType": "host",
                  "props": Object {
                    "children": Array [],
                    "className": "fza38k8",
                  },
                  "ref": null,
                  "rendered": Array [],
                  "type": "ul",
                },
              ],
              "type": [Function],
            },
            Object {
              "instance": null,
              "key": undefined,
              "nodeType": "class",
              "props": Object {
                "bsClass": "col",
                "children": Array [
                  <div
                    className="progress-description"
                  >
                    <strong>
                      Endpoints
                    </strong>
                  </div>,
                  Array [
                    <Row
                      bsClass="row"
                      componentClass="div"
                    >
                      <Col
                        bsClass="col"
                        componentClass="div"
                        lg={12}
                        md={12}
                        sm={12}
                        xs={12}
                      >
                        <ul
                          className="fza38k8"
                        >
                          <li>
                            <strong>
                              172.17.0.11
                               
                            </strong>
                            : 
                            reviews-v2-4140793682-qrpm9
                          </li>
                          <li>
                            <strong>
                              172.17.0.14
                               
                            </strong>
                            : 
                            reviews-v3-3651831602-zn9g6
                          </li>
                          <li>
                            <strong>
                              172.17.0.16
                               
                            </strong>
                            : 
                            reviews-v1-401049526-tfstp
                          </li>
                        </ul>
                      </Col>
                    </Row>,
                  ],
                ],
                "componentClass": "div",
                "lg": 2,
                "md": 2,
                "sm": 6,
                "xs": 12,
              },
              "ref": null,
              "rendered": Array [
                Object {
                  "instance": null,
                  "key": undefined,
                  "nodeType": "host",
                  "props": Object {
                    "children": <strong>
                      Endpoints
                    </strong>,
                    "className": "progress-description",
                  },
                  "ref": null,
                  "rendered": Object {
                    "instance": null,
                    "key": undefined,
                    "nodeType": "host",
                    "props": Object {
                      "children": "Endpoints",
                    },
                    "ref": null,
                    "rendered": "Endpoints",
                    "type": "strong",
                  },
                  "type": "div",
                },
                Object {
                  "instance": null,
                  "key": "endpoint_0",
                  "nodeType": "class",
                  "props": Object {
                    "bsClass": "row",
                    "children": <Col
                      bsClass="col"
                      componentClass="div"
                      lg={12}
                      md={12}
                      sm={12}
                      xs={12}
                    >
                      <ul
                        className="fza38k8"
                      >
                        <li>
                          <strong>
                            172.17.0.11
                             
                          </strong>
                          : 
                          reviews-v2-4140793682-qrpm9
                        </li>
                        <li>
                          <strong>
                            172.17.0.14
                             
                          </strong>
                          : 
                          reviews-v3-3651831602-zn9g6
                        </li>
                        <li>
                          <strong>
                            172.17.0.16
                             
                          </strong>
                          : 
                          reviews-v1-401049526-tfstp
                        </li>
                      </ul>
                    </Col>,
                    "componentClass": "div",
                  },
                  "ref": null,
                  "rendered": Object {
                    "instance": null,
                    "key": undefined,
                    "nodeType": "class",
                    "props": Object {
                      "bsClass": "col",
                      "children": <ul
                        className="fza38k8"
                      >
                        <li>
                          <strong>
                            172.17.0.11
                             
                          </strong>
                          : 
                          reviews-v2-4140793682-qrpm9
                        </li>
                        <li>
                          <strong>
                            172.17.0.14
                             
                          </strong>
                          : 
                          reviews-v3-3651831602-zn9g6
                        </li>
                        <li>
                          <strong>
                            172.17.0.16
                             
                          </strong>
                          : 
                          reviews-v1-401049526-tfstp
                        </li>
                      </ul>,
                      "componentClass": "div",
                      "lg": 12,
                      "md": 12,
                      "sm": 12,
                      "xs": 12,
                    },
                    "ref": null,
                    "rendered": Object {
                      "instance": null,
                      "key": undefined,
                      "nodeType": "host",
                      "props": Object {
                        "children": Array [
                          <li>
                            <strong>
                              172.17.0.11
                               
                            </strong>
                            : 
                            reviews-v2-4140793682-qrpm9
                          </li>,
                          <li>
                            <strong>
                              172.17.0.14
                               
                            </strong>
                            : 
                            reviews-v3-3651831602-zn9g6
                          </li>,
                          <li>
                            <strong>
                              172.17.0.16
                               
                            </strong>
                            : 
                            reviews-v1-401049526-tfstp
                          </li>,
                        ],
                        "className": "fza38k8",
                      },
                      "ref": null,
                      "rendered": Array [
                        Object {
                          "instance": null,
                          "key": "endpoint_0_address_0",
                          "nodeType": "host",
                          "props": Object {
                            "children": Array [
                              <strong>
                                172.17.0.11
                                 
                              </strong>,
                              ": ",
                              "reviews-v2-4140793682-qrpm9",
                            ],
                          },
                          "ref": null,
                          "rendered": Array [
                            Object {
                              "instance": null,
                              "key": undefined,
                              "nodeType": "host",
                              "props": Object {
                                "children": Array [
                                  "172.17.0.11",
                                  " ",
                                ],
                              },
                              "ref": null,
                              "rendered": Array [
                                "172.17.0.11",
                                " ",
                              ],
                              "type": "strong",
                            },
                            ": ",
                            "reviews-v2-4140793682-qrpm9",
                          ],
                          "type": "li",
                        },
                        Object {
                          "instance": null,
                          "key": "endpoint_0_address_1",
                          "nodeType": "host",
                          "props": Object {
                            "children": Array [
                              <strong>
                                172.17.0.14
                                 
                              </strong>,
                              ": ",
                              "reviews-v3-3651831602-zn9g6",
                            ],
                          },
                          "ref": null,
                          "rendered": Array [
                            Object {
                              "instance": null,
                              "key": undefined,
                              "nodeType": "host",
                              "props": Object {
                                "children": Array [
                                  "172.17.0.14",
                                  " ",
                                ],
                              },
                              "ref": null,
                              "rendered": Array [
                                "172.17.0.14",
                                " ",
                              ],
                              "type": "strong",
                            },
                            ": ",
                            "reviews-v3-3651831602-zn9g6",
                          ],
                          "type": "li",
                        },
                        Object {
                          "instance": null,
                          "key": "endpoint_0_address_2",
                          "nodeType": "host",
                          "props": Object {
                            "children": Array [
                              <strong>
                                172.17.0.16
                                 
                              </strong>,
                              ": ",
                              "reviews-v1-401049526-tfstp",
                            ],
                          },
                          "ref": null,
                          "rendered": Array [
                            Object {
                              "instance": null,
                              "key": undefined,
                              "nodeType": "host",
                              "props": Object {
                                "children": Array [
                                  "172.17.0.16",
                                  " ",
                                ],
                              },
                              "ref": null,
                              "rendered": Array [
                                "172.17.0.16",
                                " ",
                              ],
                              "type": "strong",
                            },
                            ": ",
                            "reviews-v1-401049526-tfstp",
                          ],
                          "type": "li",
                        },
                      ],
                      "type": "ul",
                    },
                    "type": [Function],
                  },
                  "type": [Function],
                },
              ],
              "type": [Function],
            },
            Object {
              "instance": null,
              "key": undefined,
              "nodeType": "class",
              "props": Object {
                "bsClass": "col",
                "children": Array [
                  <div
                    className="progress-description"
                  >
                    <strong>
                      Health
                    </strong>
                  </div>,
                  <HealthIndicator
                    health={undefined}
                    id="reviews"
                    mode={0}
                    tooltipPlacement="left"
                  />,
                ],
                "componentClass": "div",
                "lg": 3,
                "md": 3,
                "sm": 6,
                "xs": 12,
              },
              "ref": null,
              "rendered": Array [
                Object {
                  "instance": null,
                  "key": undefined,
                  "nodeType": "host",
                  "props": Object {
                    "children": <strong>
                      Health
                    </strong>,
                    "className": "progress-description",
                  },
                  "ref": null,
                  "rendered": Object {
                    "instance": null,
                    "key": undefined,
                    "nodeType": "host",
                    "props": Object {
                      "children": "Health",
                    },
                    "ref": null,
                    "rendered": "Health",
                    "type": "strong",
                  },
                  "type": "div",
                },
                Object {
                  "instance": null,
                  "key": undefined,
                  "nodeType": "class",
                  "props": Object {
                    "health": undefined,
                    "id": "reviews",
                    "mode": 0,
                    "tooltipPlacement": "left",
                  },
                  "ref": null,
                  "rendered": null,
                  "type": [Function],
                },
              ],
              "type": [Function],
            },
          ],
          "type": [Function],
        },
        "type": "div",
      },
      "type": "div",
    },
  ],
  Symbol(enzyme.__options__): Object {
    "adapter": ReactSixteenAdapter {
      "options": Object {
        "enableComponentDidUpdateOnSetState": true,
        "lifecycles": Object {
          "componentDidUpdate": Object {
            "onSetState": true,
          },
          "getDerivedStateFromProps": true,
          "getSnapshotBeforeUpdate": true,
          "setState": Object {
            "skipsComponentDidUpdateOnNullish": true,
          },
        },
      },
    },
  },
}
`;
