// Jest Snapshot v1, https://goo.gl/fbAQLP

exports[`#ServiceInfoVirtualServices render correctly with data should render service virtual services 1`] = `
<Grid>
  <GridItem
    span={12}
  >
    <Card>
      <CardBody>
        <Component
          aria-label="list_virtual_services"
          cells={
            Array [
              Object {
                "title": "Status",
                "transforms": Array [
                  [Function],
                ],
              },
              Object {
                "title": "Name",
                "transforms": Array [
                  [Function],
                ],
              },
              Object {
                "title": "Created at",
                "transforms": Array [
                  [Function],
                ],
              },
              Object {
                "title": "Resource version",
                "transforms": Array [
                  [Function],
                ],
              },
              Object {
                "title": "Actions",
                "transforms": Array [
                  [Function],
                ],
              },
            ]
          }
          rows={
            Array [
              Object {
                "cells": Array [
                  Object {
                    "title": <ValidationObjectSummary
                      id="0-config-validation"
                      style={
                        Object {
                          "verticalAlign": "-0.5em",
                        }
                      }
                      validations={Array []}
                    />,
                  },
                  Object {
                    "title": <IstioObjectLink
                      name="reviews-default"
                      namespace="bookinfo"
                      type="virtualservice"
                    >
                      reviews-default
                    </IstioObjectLink>,
                  },
                  Object {
                    "title": <LocalTime
                      time="2018-03-14T10:17:52Z"
                    />,
                  },
                  Object {
                    "title": "1234",
                  },
                  Object {
                    "title": <IstioObjectLink
                      name="reviews-default"
                      namespace="bookinfo"
                      query="list=yaml"
                      type="virtualservice"
                    >
                      View YAML
                    </IstioObjectLink>,
                  },
                ],
              },
            ]
          }
          variant="compact"
        >
          <TableHeader />
          <TableBody />
        </Component>
      </CardBody>
    </Card>
  </GridItem>
</Grid>
`;
