{
  "timestamp": 1523364075,
  "duration": 600,
  "graphType": "app",
  "elements": {
    "nodes": [
      {
        "data": {
          "id": "7bb5dc5d69c2b3f9712983ee74c006997ca237806ac84cd16f9b2863b41d796c",
          "nodeType": "app",
          "cluster": "east",
          "namespace": "bankapp",
          "app": "deposit",
          "destServices": [
            {
              "cluster": "east",
              "namespace": "bankapp",
              "name": "deposit"
            }
          ],
          "traffic": [
            {
              "protocol": "grpc",
              "rates": {
                "grpcIn": "50.00"
              }
            }
          ],
          "healthData": null,
          "isInaccessible": true,
          "isOutside": true
        }
      },
      {
        "data": {
          "id": "e130b6c862f63e632f5e9c0da8437cf362c00afdc97a405855b7dc09e5abc3d4",
          "nodeType": "app",
          "cluster": "east",
          "namespace": "bankapp",
          "app": "pricing",
          "destServices": [
            {
              "cluster": "east",
              "namespace": "bankapp",
              "name": "pricing"
            }
          ],
          "traffic": [
            {
              "protocol": "http",
              "rates": {
                "httpIn": "20.00"
              }
            }
          ],
          "healthData": null,
          "isInaccessible": true,
          "isOutside": true
        }
      },
      {
        "data": {
          "id": "a29d84c69406f430d4f323239d67a59c96fdfdafd2c3b6384cbd54c338d3268b",
          "nodeType": "workload",
          "cluster": "east",
          "namespace": "bookinfo",
          "workload": "kiali-2412",
          "traffic": [
            {
              "protocol": "http",
              "rates": {
                "httpIn": "50.00"
              }
            }
          ],
          "healthData": null
        }
      },
      {
        "data": {
          "id": "42f18e59a8d547f741fb495cec3b0c84e1343d6af9867da01c2ed64609f9968b",
          "nodeType": "app",
          "cluster": "east",
          "namespace": "bookinfo",
          "app": "details",
          "destServices": [
            {
              "cluster": "east",
              "namespace": "bookinfo",
              "name": "details"
            }
          ],
          "traffic": [
            {
              "protocol": "http",
              "rates": {
                "httpIn": "80.00",
                "httpIn3xx": "20.00",
                "httpIn4xx": "20.00",
                "httpIn5xx": "20.00"
              }
            }
          ],
          "healthData": null
        }
      },
      {
        "data": {
          "id": "badd2469aad01840a767d63de3d6ab791eb9decee1c9a7ecfbbf143fade203e7",
          "nodeType": "app",
          "cluster": "east",
          "namespace": "bookinfo",
          "app": "productpage",
          "destServices": [
            {
              "cluster": "east",
              "namespace": "bookinfo",
              "name": "productpage"
            }
          ],
          "traffic": [
            {
              "protocol": "http",
              "rates": {
                "httpIn": "170.00",
                "httpOut": "160.00"
              }
            },
            {
              "protocol": "tcp",
              "rates": {
                "tcpOut": "62.00"
              }
            }
          ],
          "healthData": null
        }
      },
      {
        "data": {
          "id": "e464c18954420291c6ba419aacee59d02cfe5121d48cde164f11d5c5f7f5d5ce",
          "nodeType": "app",
          "cluster": "east",
          "namespace": "bookinfo",
          "app": "ratings",
          "destServices": [
            {
              "cluster": "east",
              "namespace": "bookinfo",
              "name": "ratings"
            }
          ],
          "traffic": [
            {
              "protocol": "http",
              "rates": {
                "httpIn": "60.00",
                "httpIn5xx": "20.00"
              }
            }
          ],
          "healthData": null
        }
      },
      {
        "data": {
          "id": "f34aaacf7de9ccbfec96bf826f58aa0f8b54f397da0a8507359a60eef509fb6d",
          "nodeType": "app",
          "cluster": "east",
          "namespace": "bookinfo",
          "app": "reviews",
          "destServices": [
            {
              "cluster": "east",
              "namespace": "bookinfo",
              "name": "reviews"
            }
          ],
          "traffic": [
            {
              "protocol": "grpc",
              "rates": {
                "grpcOut": "50.00"
              }
            },
            {
              "protocol": "http",
              "rates": {
                "httpIn": "100.00",
                "httpOut": "124.00"
              }
            }
          ],
          "healthData": null
        }
      },
      {
        "data": {
          "id": "a9de35340f55ca3759cbe3420ab37add0f7e3e145818ab07d2a4dd0d7a5fb3fa",
          "nodeType": "app",
          "cluster": "east",
          "namespace": "bookinfo",
          "app": "tcp",
          "destServices": [
            {
              "cluster": "east",
              "namespace": "bookinfo",
              "name": "tcp"
            }
          ],
          "traffic": [
            {
              "protocol": "tcp",
              "rates": {
                "tcpIn": "1162.00"
              }
            }
          ],
          "healthData": null
        }
      },
      {
        "data": {
          "id": "05a416ae6a10a6fc542d87944a452bd8778f7d299076748f36c08d82190eb93a",
          "nodeType": "app",
          "cluster": "east",
          "namespace": "istio-system",
          "app": "ingressgateway",
          "traffic": [
            {
              "protocol": "http",
              "rates": {
                "httpOut": "100.00"
              }
            },
            {
              "protocol": "tcp",
              "rates": {
                "tcpOut": "300.00"
              }
            }
          ],
          "healthData": null,
          "isInaccessible": true,
          "isOutside": true,
          "isRoot": true
        }
      },
      {
        "data": {
          "id": "a57b9b85f07813dbe6d8120f62aaa97e27046bebfd9f431c66a6262ab36d5dbb",
          "nodeType": "service",
          "cluster": "unknown",
          "namespace": "unknown",
          "service": "unknown",
          "traffic": [
            {
              "protocol": "http",
              "rates": {
                "httpIn": "4.00",
                "httpIn4xx": "4.00"
              }
            }
          ],
          "healthData": null,
          "isInaccessible": true
        }
      },
      {
        "data": {
          "id": "65be8a76856b9d3ef07a3348abcf6476fc80408bd342dd7882a5f4274542a1e0",
          "nodeType": "unknown",
          "cluster": "unknown",
          "namespace": "unknown",
          "workload": "unknown",
          "app": "unknown",
          "version": "unknown",
          "traffic": [
            {
              "protocol": "http",
              "rates": {
                "httpOut": "100.00"
              }
            },
            {
              "protocol": "tcp",
              "rates": {
                "tcpOut": "800.00"
              }
            }
          ],
          "healthData": null,
          "isInaccessible": true,
          "isRoot": true
        }
      }
    ],
    "edges": [
      {
        "data": {
          "id": "cd00338015ed9495ec76e6ba3e6787fb584565291339157ed8ca535598c172d8",
          "source": "05a416ae6a10a6fc542d87944a452bd8778f7d299076748f36c08d82190eb93a",
          "target": "a9de35340f55ca3759cbe3420ab37add0f7e3e145818ab07d2a4dd0d7a5fb3fa",
          "traffic": {
            "protocol": "tcp",
            "rates": {
              "tcp": "300.00"
            },
            "responses": {
              "-": {
                "flags": {
                  "-": "100.0"
                },
                "hosts": {
                  "tcp:9080": "100.0"
                }
              }
            }
          }
        }
      },
      {
        "data": {
          "id": "39dd6dd8f4aef0b506767440a6e4f5b62901efda78807d2594c689b9bd44adc2",
          "source": "05a416ae6a10a6fc542d87944a452bd8778f7d299076748f36c08d82190eb93a",
          "target": "badd2469aad01840a767d63de3d6ab791eb9decee1c9a7ecfbbf143fade203e7",
          "traffic": {
            "protocol": "http",
            "rates": {
              "http": "100.00",
              "httpPercentReq": "100.0"
            },
            "responses": {
              "200": {
                "flags": {
                  "-": "100.0"
                },
                "hosts": {
                  "productpage:9080": "100.0"
                }
              }
            }
          }
        }
      },
      {
        "data": {
          "id": "270271db501549fe8ce910aa3a59b90bc20383cdc7827864b75d024e7ce7f6aa",
          "source": "65be8a76856b9d3ef07a3348abcf6476fc80408bd342dd7882a5f4274542a1e0",
          "target": "a29d84c69406f430d4f323239d67a59c96fdfdafd2c3b6384cbd54c338d3268b",
          "traffic": {
            "protocol": "http",
            "rates": {
              "http": "50.00",
              "httpPercentReq": "50.0"
            },
            "responses": {
              "200": {
                "flags": {
                  "-": "100.0"
                }
              }
            }
          }
        }
      },
      {
        "data": {
          "id": "972e7405792d77ec7f2d7932ea731e025ef16f77c3c8e560de3e28c491b3ce74",
          "source": "65be8a76856b9d3ef07a3348abcf6476fc80408bd342dd7882a5f4274542a1e0",
          "target": "a9de35340f55ca3759cbe3420ab37add0f7e3e145818ab07d2a4dd0d7a5fb3fa",
          "traffic": {
            "protocol": "tcp",
            "rates": {
              "tcp": "800.00"
            },
            "responses": {
              "-": {
                "flags": {
                  "-": "100.0"
                },
                "hosts": {
                  "tcp:9080": "100.0"
                }
              }
            }
          }
        }
      },
      {
        "data": {
          "id": "e2477eb1d70a3a79f46aa2b7a21f77664c1289bc5c17b32d691c0585505be1e8",
          "source": "65be8a76856b9d3ef07a3348abcf6476fc80408bd342dd7882a5f4274542a1e0",
          "target": "badd2469aad01840a767d63de3d6ab791eb9decee1c9a7ecfbbf143fade203e7",
          "traffic": {
            "protocol": "http",
            "rates": {
              "http": "50.00",
              "httpPercentReq": "50.0"
            },
            "responses": {
              "200": {
                "flags": {
                  "-": "100.0"
                },
                "hosts": {
                  "productpage:9080": "100.0"
                }
              }
            }
          }
        }
      },
      {
        "data": {
          "id": "fc8bc1329cb7873c91c8e19035fb07a1c6dcbb3cef46b83e3a6b036b0d8858e9",
          "source": "badd2469aad01840a767d63de3d6ab791eb9decee1c9a7ecfbbf143fade203e7",
          "target": "42f18e59a8d547f741fb495cec3b0c84e1343d6af9867da01c2ed64609f9968b",
          "traffic": {
            "protocol": "http",
            "rates": {
              "http": "80.00",
              "http3xx": "20.00",
              "http4xx": "20.00",
              "http5xx": "20.00",
              "httpPercentErr": "50.0",
              "httpPercentReq": "50.0"
            },
            "responses": {
              "200": {
                "flags": {
                  "-": "25.0"
                },
                "hosts": {
                  "details:9080": "25.0"
                }
              },
              "300": {
                "flags": {
                  "-": "25.0"
                },
                "hosts": {
                  "details:9080": "25.0"
                }
              },
              "400": {
                "flags": {
                  "-": "25.0"
                },
                "hosts": {
                  "details:9080": "25.0"
                }
              },
              "500": {
                "flags": {
                  "-": "25.0"
                },
                "hosts": {
                  "details:9080": "25.0"
                }
              }
            }
          }
        }
      },
      {
        "data": {
          "id": "61cb830b80d4092ddcce2176fedf1ceede05166d10fdd88a94a3273daac1614c",
          "source": "badd2469aad01840a767d63de3d6ab791eb9decee1c9a7ecfbbf143fade203e7",
          "target": "a9de35340f55ca3759cbe3420ab37add0f7e3e145818ab07d2a4dd0d7a5fb3fa",
          "traffic": {
            "protocol": "tcp",
            "rates": {
              "tcp": "62.00"
            },
            "responses": {
              "-": {
                "flags": {
                  "-": "100.0"
                },
                "hosts": {
                  "tcp:9080": "100.0"
                }
              }
            }
          }
        }
      },
      {
        "data": {
          "id": "ec6a28015ef664f8ff1f4c0143295a95e008f1d2b8fd80eadfe8d48b5cd98ae8",
          "source": "badd2469aad01840a767d63de3d6ab791eb9decee1c9a7ecfbbf143fade203e7",
          "target": "badd2469aad01840a767d63de3d6ab791eb9decee1c9a7ecfbbf143fade203e7",
          "traffic": {
            "protocol": "http",
            "rates": {
              "http": "20.00",
              "httpPercentReq": "12.5"
            },
            "responses": {
              "200": {
                "flags": {
                  "-": "100.0"
                },
                "hosts": {
                  "productpage:9080": "100.0"
                }
              }
            }
          }
        }
      },
      {
        "data": {
          "id": "bfce623d2f39bee7f53099ecc0c07db35ed5b81d1e8989568c8740fec00081b8",
          "source": "badd2469aad01840a767d63de3d6ab791eb9decee1c9a7ecfbbf143fade203e7",
          "target": "f34aaacf7de9ccbfec96bf826f58aa0f8b54f397da0a8507359a60eef509fb6d",
          "traffic": {
            "protocol": "http",
            "rates": {
              "http": "60.00",
              "httpPercentReq": "37.5"
            },
            "responses": {
              "200": {
                "flags": {
                  "-": "100.0"
                },
                "hosts": {
                  "reviews:9080": "100.0"
                }
              }
            }
          }
        }
      },
      {
        "data": {
          "id": "194634eeb9ca5441ea9e269c64603a41a6770303f98a17ffcfded4c7e2210a8f",
          "source": "f34aaacf7de9ccbfec96bf826f58aa0f8b54f397da0a8507359a60eef509fb6d",
          "target": "7bb5dc5d69c2b3f9712983ee74c006997ca237806ac84cd16f9b2863b41d796c",
          "traffic": {
            "protocol": "grpc",
            "rates": {
              "grpc": "50.00",
              "grpcPercentReq": "100.0"
            },
            "responses": {
              "0": {
                "flags": {
                  "-": "100.0"
                },
                "hosts": {
                  "deposit:9080": "100.0"
                }
              }
            }
          }
        }
      },
      {
        "data": {
          "id": "1660813fdcfbc818ecdb2583ddbfe222ab5c71d313d6bf202d4391abc3d0da15",
          "source": "f34aaacf7de9ccbfec96bf826f58aa0f8b54f397da0a8507359a60eef509fb6d",
          "target": "a57b9b85f07813dbe6d8120f62aaa97e27046bebfd9f431c66a6262ab36d5dbb",
          "traffic": {
            "protocol": "http",
            "rates": {
              "http": "4.00",
              "http4xx": "4.00",
              "httpPercentErr": "100.0",
              "httpPercentReq": "3.2"
            },
            "responses": {
              "404": {
                "flags": {
                  "NR": "100.0"
                },
                "hosts": {
                  "unknown": "100.0"
                }
              }
            }
          }
        }
      },
      {
        "data": {
          "id": "9af0e359b0064ef9a5c090ac805d799d382b7e286e94cd16469983adde77ec09",
          "source": "f34aaacf7de9ccbfec96bf826f58aa0f8b54f397da0a8507359a60eef509fb6d",
          "target": "e130b6c862f63e632f5e9c0da8437cf362c00afdc97a405855b7dc09e5abc3d4",
          "traffic": {
            "protocol": "http",
            "rates": {
              "http": "20.00",
              "httpPercentReq": "16.1"
            },
            "responses": {
              "200": {
                "flags": {
                  "-": "100.0"
                },
                "hosts": {
                  "pricing:9080": "100.0"
                }
              }
            }
          }
        }
      },
      {
        "data": {
          "id": "967c1a0947e2c380858cbb5b5772aee3e28fa9ddc7ff713d4c387c1ebb4e987a",
          "source": "f34aaacf7de9ccbfec96bf826f58aa0f8b54f397da0a8507359a60eef509fb6d",
          "target": "e464c18954420291c6ba419aacee59d02cfe5121d48cde164f11d5c5f7f5d5ce",
          "traffic": {
            "protocol": "http",
            "rates": {
              "http": "60.00",
              "http5xx": "20.00",
              "httpPercentErr": "33.3",
              "httpPercentReq": "48.4"
            },
            "responses": {
              "200": {
                "flags": {
                  "-": "66.7"
                },
                "hosts": {
                  "ratings:9080": "66.7"
                }
              },
              "500": {
                "flags": {
                  "-": "33.3"
                },
                "hosts": {
                  "ratings:9080": "33.3"
                }
              }
            }
          }
        }
      },
      {
        "data": {
          "id": "9378f2bd761e70a2d5ca55c6053441b55f0fbea1ed4a2c0044b6614ed8b5611e",
          "source": "f34aaacf7de9ccbfec96bf826f58aa0f8b54f397da0a8507359a60eef509fb6d",
          "target": "f34aaacf7de9ccbfec96bf826f58aa0f8b54f397da0a8507359a60eef509fb6d",
          "traffic": {
            "protocol": "http",
            "rates": {
              "http": "40.00",
              "httpPercentReq": "32.3"
            },
            "responses": {
              "200": {
                "flags": {
                  "-": "100.0"
                },
                "hosts": {
                  "reviews:9080": "100.0"
                }
              }
            }
          }
        }
      }
    ]
  }
}