{
  "timestamp": 1523364075,
  "duration": 600,
  "graphType": "workload",
  "elements": {
    "nodes": [
      {
        "data": {
          "id": "4bd27abd1d0da1555deb8144a7110ff733792e22662a41c520d09d7d4dc34820",
          "nodeType": "workload",
          "cluster": "east",
          "namespace": "bankapp",
          "workload": "deposit-v1",
          "app": "deposit",
          "version": "v1",
          "destServices": [
            {
              "cluster": "east",
              "namespace": "bankapp",
              "name": "deposit"
            }
          ],
          "traffic": [
            {
              "protocol": "grpc",
              "rates": {
                "grpcIn": "100.00"
              }
            }
          ],
          "healthData": null,
          "isInaccessible": true,
          "isOutside": true
        }
      },
      {
        "data": {
          "id": "04539cd0fc30485f2cd300cfd4383796350b15eb01d7d40d8ae6284f06521580",
          "nodeType": "workload",
          "cluster": "east",
          "namespace": "bankapp",
          "workload": "pricing-v1",
          "app": "pricing",
          "version": "v1",
          "destServices": [
            {
              "cluster": "east",
              "namespace": "bankapp",
              "name": "pricing"
            }
          ],
          "traffic": [
            {
              "protocol": "http",
              "rates": {
                "httpIn": "20.00"
              }
            }
          ],
          "healthData": null,
          "isInaccessible": true,
          "isOutside": true
        }
      },
      {
        "data": {
          "id": "a29d84c69406f430d4f323239d67a59c96fdfdafd2c3b6384cbd54c338d3268b",
          "nodeType": "workload",
          "cluster": "east",
          "namespace": "bookinfo",
          "workload": "kiali-2412",
          "traffic": [
            {
              "protocol": "http",
              "rates": {
                "httpIn": "50.00"
              }
            }
          ],
          "healthData": null
        }
      },
      {
        "data": {
          "id": "4905b312ed2c58a1b998959b7e84419866823ec42b48e8f98e6849a0820db7a0",
          "nodeType": "workload",
          "cluster": "east",
          "namespace": "bookinfo",
          "workload": "details-v1",
          "app": "details",
          "version": "v1",
          "destServices": [
            {
              "cluster": "east",
              "namespace": "bookinfo",
              "name": "details"
            }
          ],
          "traffic": [
            {
              "protocol": "http",
              "rates": {
                "httpIn": "80.00",
                "httpIn3xx": "20.00",
                "httpIn4xx": "20.00",
                "httpIn5xx": "20.00"
              }
            }
          ],
          "healthData": null
        }
      },
      {
        "data": {
          "id": "75e6bff154aefcf8a8dcf46396a6d897afb9ad7b256b70d7e2ea5a5e8ed98242",
          "nodeType": "workload",
          "cluster": "east",
          "namespace": "bookinfo",
          "workload": "productpage-v1",
          "app": "productpage",
          "version": "v1",
          "destServices": [
            {
              "cluster": "east",
              "namespace": "bookinfo",
              "name": "productpage"
            }
          ],
          "traffic": [
            {
              "protocol": "http",
              "rates": {
                "httpIn": "170.00",
                "httpOut": "160.00"
              }
            },
            {
              "protocol": "tcp",
              "rates": {
                "tcpOut": "31.00"
              }
            }
          ],
          "healthData": null
        }
      },
      {
        "data": {
          "id": "7f08e02875efd87e6f3f1338e435b1d54d03f4cb3201084eabdfac1e22ff8006",
          "nodeType": "workload",
          "cluster": "east",
          "namespace": "bookinfo",
          "workload": "ratings-v1",
          "app": "ratings",
          "version": "v1",
          "destServices": [
            {
              "cluster": "east",
              "namespace": "bookinfo",
              "name": "ratings"
            }
          ],
          "traffic": [
            {
              "protocol": "http",
              "rates": {
                "httpIn": "60.00",
                "httpIn5xx": "20.00"
              }
            }
          ],
          "healthData": null
        }
      },
      {
        "data": {
          "id": "69e059b60e571922ac6b355ec83f5de62ab0986910199a02de919dc81e278f93",
          "nodeType": "workload",
          "cluster": "east",
          "namespace": "bookinfo",
          "workload": "reviews-v1",
          "app": "reviews",
          "version": "v1",
          "destServices": [
            {
              "cluster": "east",
              "namespace": "bookinfo",
              "name": "reviews"
            }
          ],
          "traffic": [
            {
              "protocol": "http",
              "rates": {
                "httpIn": "20.00"
              }
            }
          ],
          "healthData": null
        }
      },
      {
        "data": {
          "id": "71d57c12e4f1e17aef33a5849d89ee165ea3f51cc50fa5d15a6bce61ef74ae8b",
          "nodeType": "workload",
          "cluster": "east",
          "namespace": "bookinfo",
          "workload": "reviews-v2",
          "app": "reviews",
          "version": "v2",
          "destServices": [
            {
              "cluster": "east",
              "namespace": "bookinfo",
              "name": "reviews"
            }
          ],
          "traffic": [
            {
              "protocol": "http",
              "rates": {
                "httpIn": "40.00",
                "httpOut": "50.00"
              }
            }
          ],
          "healthData": null
        }
      },
      {
        "data": {
          "id": "1e4148c5bef0363ad2d1768561fee88cbb32472c458cea990374e23224998811",
          "nodeType": "workload",
          "cluster": "east",
          "namespace": "bookinfo",
          "workload": "reviews-v3",
          "app": "reviews",
          "version": "v3",
          "destServices": [
            {
              "cluster": "east",
              "namespace": "bookinfo",
              "name": "reviews"
            }
          ],
          "traffic": [
            {
              "protocol": "grpc",
              "rates": {
                "grpcOut": "100.00"
              }
            },
            {
              "protocol": "http",
              "rates": {
                "httpIn": "40.00",
                "httpOut": "74.00"
              }
            }
          ],
          "healthData": null
        }
      },
      {
        "data": {
          "id": "4b4c0547ac843fd48ba81b7c72d5602d8e32ab580d3184f68d5a64825c7cb5e6",
          "nodeType": "workload",
          "cluster": "east",
          "namespace": "bookinfo",
          "workload": "tcp-v1",
          "app": "tcp",
          "version": "v1",
          "destServices": [
            {
              "cluster": "east",
              "namespace": "bookinfo",
              "name": "tcp"
            }
          ],
          "traffic": [
            {
              "protocol": "tcp",
              "rates": {
                "tcpIn": "581.00"
              }
            }
          ],
          "healthData": null
        }
      },
      {
        "data": {
          "id": "294cc51c6a37db5f2f644f7b121233dadc9cccf5686b31c9722c1fa72e8caa30",
          "nodeType": "workload",
          "cluster": "east",
          "namespace": "istio-system",
          "workload": "ingressgateway-unknown",
          "app": "ingressgateway",
          "version": "latest",
          "traffic": [
            {
              "protocol": "http",
              "rates": {
                "httpOut": "100.00"
              }
            },
            {
              "protocol": "tcp",
              "rates": {
                "tcpOut": "150.00"
              }
            }
          ],
          "healthData": null,
          "isInaccessible": true,
          "isOutside": true,
          "isRoot": true
        }
      },
      {
        "data": {
          "id": "a57b9b85f07813dbe6d8120f62aaa97e27046bebfd9f431c66a6262ab36d5dbb",
          "nodeType": "service",
          "cluster": "unknown",
          "namespace": "unknown",
          "service": "unknown",
          "traffic": [
            {
              "protocol": "http",
              "rates": {
                "httpIn": "4.00",
                "httpIn4xx": "4.00"
              }
            }
          ],
          "healthData": null,
          "isInaccessible": true
        }
      },
      {
        "data": {
          "id": "65be8a76856b9d3ef07a3348abcf6476fc80408bd342dd7882a5f4274542a1e0",
          "nodeType": "unknown",
          "cluster": "unknown",
          "namespace": "unknown",
          "workload": "unknown",
          "app": "unknown",
          "version": "unknown",
          "traffic": [
            {
              "protocol": "http",
              "rates": {
                "httpOut": "100.00"
              }
            },
            {
              "protocol": "tcp",
              "rates": {
                "tcpOut": "400.00"
              }
            }
          ],
          "healthData": null,
          "isInaccessible": true,
          "isRoot": true
        }
      }
    ],
    "edges": [
      {
        "data": {
          "id": "1db6a434330d769290c7375ffc5f65475e242f10ccd8dbc1246b972be60df000",
          "source": "1e4148c5bef0363ad2d1768561fee88cbb32472c458cea990374e23224998811",
          "target": "04539cd0fc30485f2cd300cfd4383796350b15eb01d7d40d8ae6284f06521580",
          "traffic": {
            "protocol": "http",
            "rates": {
              "http": "20.00",
              "httpPercentReq": "27.0"
            },
            "responses": {
              "200": {
                "flags": {
                  "-": "100.0"
                },
                "hosts": {
                  "pricing:9080": "100.0"
                }
              }
            }
          }
        }
      },
      {
        "data": {
          "id": "706f44ccbc76fd303bf272cee48ebb61cb561b5614483e03eedfee56758222b1",
          "source": "1e4148c5bef0363ad2d1768561fee88cbb32472c458cea990374e23224998811",
          "target": "1e4148c5bef0363ad2d1768561fee88cbb32472c458cea990374e23224998811",
          "traffic": {
            "protocol": "http",
            "rates": {
              "http": "20.00",
              "httpPercentReq": "27.0"
            },
            "responses": {
              "200": {
                "flags": {
                  "-": "100.0"
                },
                "hosts": {
                  "reviews:9080": "100.0"
                }
              }
            }
          }
        }
      },
      {
        "data": {
          "id": "d7311f910ca87f99a5fa2ec3de300c0c14115f378f47dcb32bf7fb63f6fdfd3c",
          "source": "1e4148c5bef0363ad2d1768561fee88cbb32472c458cea990374e23224998811",
          "target": "4bd27abd1d0da1555deb8144a7110ff733792e22662a41c520d09d7d4dc34820",
          "traffic": {
            "protocol": "grpc",
            "rates": {
              "grpc": "100.00",
              "grpcPercentReq": "100.0"
            },
            "responses": {
              "-": {
                "hosts": {
                  "deposit:9080": "100.0"
                }
              }
            }
          }
        }
      },
      {
        "data": {
          "id": "bd8c14f2b3b24e7602fc73f07bd412142108cd5b42d7496d626e77930d3c1665",
          "source": "1e4148c5bef0363ad2d1768561fee88cbb32472c458cea990374e23224998811",
          "target": "7f08e02875efd87e6f3f1338e435b1d54d03f4cb3201084eabdfac1e22ff8006",
          "traffic": {
            "protocol": "http",
            "rates": {
              "http": "30.00",
              "http5xx": "10.00",
              "httpPercentErr": "33.3",
              "httpPercentReq": "40.5"
            },
            "responses": {
              "200": {
                "flags": {
                  "-": "66.7"
                },
                "hosts": {
                  "ratings:9080": "66.7"
                }
              },
              "500": {
                "flags": {
                  "-": "33.3"
                },
                "hosts": {
                  "ratings:9080": "33.3"
                }
              }
            }
          }
        }
      },
      {
        "data": {
          "id": "e368aca874ed8985e4b4efe8ec4999d91df09630aa9753759ab2b4e46c545a7d",
          "source": "1e4148c5bef0363ad2d1768561fee88cbb32472c458cea990374e23224998811",
          "target": "a57b9b85f07813dbe6d8120f62aaa97e27046bebfd9f431c66a6262ab36d5dbb",
          "traffic": {
            "protocol": "http",
            "rates": {
              "http": "4.00",
              "http4xx": "4.00",
              "httpPercentErr": "100.0",
              "httpPercentReq": "5.4"
            },
            "responses": {
              "404": {
                "flags": {
                  "NR": "100.0"
                },
                "hosts": {
                  "unknown": "100.0"
                }
              }
            }
          }
        }
      },
      {
        "data": {
          "id": "d324954539c3f2437dad37168cda833d890c0b48b8a5f490a588d48a0f33168a",
          "source": "294cc51c6a37db5f2f644f7b121233dadc9cccf5686b31c9722c1fa72e8caa30",
          "target": "4b4c0547ac843fd48ba81b7c72d5602d8e32ab580d3184f68d5a64825c7cb5e6",
          "traffic": {
            "protocol": "tcp",
            "rates": {
              "tcp": "150.00"
            },
            "responses": {
              "-": {
                "flags": {
                  "-": "100.0"
                },
                "hosts": {
                  "tcp:9080": "100.0"
                }
              }
            }
          }
        }
      },
      {
        "data": {
          "id": "5b98e5e02cdc06281e4e45c971e9fd38df4419275511d5f42771531b1c2b4a08",
          "source": "294cc51c6a37db5f2f644f7b121233dadc9cccf5686b31c9722c1fa72e8caa30",
          "target": "75e6bff154aefcf8a8dcf46396a6d897afb9ad7b256b70d7e2ea5a5e8ed98242",
          "traffic": {
            "protocol": "http",
            "rates": {
              "http": "100.00",
              "httpPercentReq": "100.0"
            },
            "responses": {
              "200": {
                "flags": {
                  "-": "100.0"
                },
                "hosts": {
                  "productpage:9080": "100.0"
                }
              }
            }
          }
        }
      },
      {
        "data": {
          "id": "b59d7fb631f53aafcc96bf74028f008383c210fd345913021f605244360be047",
          "source": "65be8a76856b9d3ef07a3348abcf6476fc80408bd342dd7882a5f4274542a1e0",
          "target": "4b4c0547ac843fd48ba81b7c72d5602d8e32ab580d3184f68d5a64825c7cb5e6",
          "traffic": {
            "protocol": "tcp",
            "rates": {
              "tcp": "400.00"
            },
            "responses": {
              "-": {
                "flags": {
                  "-": "100.0"
                },
                "hosts": {
                  "tcp:9080": "100.0"
                }
              }
            }
          }
        }
      },
      {
        "data": {
          "id": "0dca3c4439bd563dd8ceed9700588a49e86308ad29c85cc515d828d9aecee33a",
          "source": "65be8a76856b9d3ef07a3348abcf6476fc80408bd342dd7882a5f4274542a1e0",
          "target": "75e6bff154aefcf8a8dcf46396a6d897afb9ad7b256b70d7e2ea5a5e8ed98242",
          "traffic": {
            "protocol": "http",
            "rates": {
              "http": "50.00",
              "httpPercentReq": "50.0"
            },
            "responses": {
              "200": {
                "flags": {
                  "-": "100.0"
                },
                "hosts": {
                  "productpage:9080": "100.0"
                }
              }
            }
          }
        }
      },
      {
        "data": {
          "id": "270271db501549fe8ce910aa3a59b90bc20383cdc7827864b75d024e7ce7f6aa",
          "source": "65be8a76856b9d3ef07a3348abcf6476fc80408bd342dd7882a5f4274542a1e0",
          "target": "a29d84c69406f430d4f323239d67a59c96fdfdafd2c3b6384cbd54c338d3268b",
          "traffic": {
            "protocol": "http",
            "rates": {
              "http": "50.00",
              "httpPercentReq": "50.0"
            },
            "responses": {
              "200": {
                "flags": {
                  "-": "100.0"
                }
              }
            }
          }
        }
      },
      {
        "data": {
          "id": "3d1810b69773b7a496408f3c265eb171b6ffb6205f27e1bc3d7e3e4023c3f2d6",
          "source": "71d57c12e4f1e17aef33a5849d89ee165ea3f51cc50fa5d15a6bce61ef74ae8b",
          "target": "71d57c12e4f1e17aef33a5849d89ee165ea3f51cc50fa5d15a6bce61ef74ae8b",
          "traffic": {
            "protocol": "http",
            "rates": {
              "http": "20.00",
              "httpPercentReq": "40.0"
            },
            "responses": {
              "200": {
                "flags": {
                  "-": "100.0"
                },
                "hosts": {
                  "reviews:9080": "100.0"
                }
              }
            }
          }
        }
      },
      {
        "data": {
          "id": "7446578c255d78759efdac67cbcd53d13b2f33a473f1008788297482f43e1461",
          "source": "71d57c12e4f1e17aef33a5849d89ee165ea3f51cc50fa5d15a6bce61ef74ae8b",
          "target": "7f08e02875efd87e6f3f1338e435b1d54d03f4cb3201084eabdfac1e22ff8006",
          "traffic": {
            "protocol": "http",
            "rates": {
              "http": "30.00",
              "http5xx": "10.00",
              "httpPercentErr": "33.3",
              "httpPercentReq": "60.0"
            },
            "responses": {
              "200": {
                "flags": {
                  "-": "66.7"
                },
                "hosts": {
                  "ratings:9080": "66.7"
                }
              },
              "500": {
                "flags": {
                  "-": "33.3"
                },
                "hosts": {
                  "ratings:9080": "33.3"
                }
              }
            }
          }
        }
      },
      {
        "data": {
          "id": "87c6da1966144a799266bcf3d7e987712209e2383d9d169f52defbfa88ba24c7",
          "source": "75e6bff154aefcf8a8dcf46396a6d897afb9ad7b256b70d7e2ea5a5e8ed98242",
          "target": "1e4148c5bef0363ad2d1768561fee88cbb32472c458cea990374e23224998811",
          "traffic": {
            "protocol": "http",
            "rates": {
              "http": "20.00",
              "httpPercentReq": "12.5"
            },
            "responses": {
              "200": {
                "flags": {
                  "-": "100.0"
                },
                "hosts": {
                  "reviews:9080": "100.0"
                }
              }
            }
          }
        }
      },
      {
        "data": {
          "id": "319d74c3e9cbcd77fa2616736d2348cc6818cf6d3c3dac44f4e2054325359480",
          "source": "75e6bff154aefcf8a8dcf46396a6d897afb9ad7b256b70d7e2ea5a5e8ed98242",
          "target": "4905b312ed2c58a1b998959b7e84419866823ec42b48e8f98e6849a0820db7a0",
          "traffic": {
            "protocol": "http",
            "rates": {
              "http": "80.00",
              "http3xx": "20.00",
              "http4xx": "20.00",
              "http5xx": "20.00",
              "httpPercentErr": "50.0",
              "httpPercentReq": "50.0"
            },
            "responses": {
              "200": {
                "flags": {
                  "-": "25.0"
                },
                "hosts": {
                  "details:9080": "25.0"
                }
              },
              "300": {
                "flags": {
                  "-": "25.0"
                },
                "hosts": {
                  "details:9080": "25.0"
                }
              },
              "400": {
                "flags": {
                  "-": "25.0"
                },
                "hosts": {
                  "details:9080": "25.0"
                }
              },
              "500": {
                "flags": {
                  "-": "25.0"
                },
                "hosts": {
                  "details:9080": "25.0"
                }
              }
            }
          }
        }
      },
      {
        "data": {
          "id": "a1ec7f03f76bddadc061a3f1a93a5e7abf5b5077fe7cf3e3942f6d8a53c7731b",
          "source": "75e6bff154aefcf8a8dcf46396a6d897afb9ad7b256b70d7e2ea5a5e8ed98242",
          "target": "4b4c0547ac843fd48ba81b7c72d5602d8e32ab580d3184f68d5a64825c7cb5e6",
          "traffic": {
            "protocol": "tcp",
            "rates": {
              "tcp": "31.00"
            },
            "responses": {
              "-": {
                "flags": {
                  "-": "100.0"
                },
                "hosts": {
                  "tcp:9080": "100.0"
                }
              }
            }
          }
        }
      },
      {
        "data": {
          "id": "22cc7a87734820f83ab19513479c96c5d846df738df5494c6d45be5d85664c77",
          "source": "75e6bff154aefcf8a8dcf46396a6d897afb9ad7b256b70d7e2ea5a5e8ed98242",
          "target": "69e059b60e571922ac6b355ec83f5de62ab0986910199a02de919dc81e278f93",
          "traffic": {
            "protocol": "http",
            "rates": {
              "http": "20.00",
              "httpPercentReq": "12.5"
            },
            "responses": {
              "200": {
                "flags": {
                  "-": "100.0"
                },
                "hosts": {
                  "reviews:9080": "100.0"
                }
              }
            }
          }
        }
      },
      {
        "data": {
          "id": "99ddbec3b26bdc593fe37f16802d05ce3db4dd4983f091724529975d8b7b1d1d",
          "source": "75e6bff154aefcf8a8dcf46396a6d897afb9ad7b256b70d7e2ea5a5e8ed98242",
          "target": "71d57c12e4f1e17aef33a5849d89ee165ea3f51cc50fa5d15a6bce61ef74ae8b",
          "traffic": {
            "protocol": "http",
            "rates": {
              "http": "20.00",
              "httpPercentReq": "12.5"
            },
            "responses": {
              "200": {
                "flags": {
                  "-": "100.0"
                },
                "hosts": {
                  "reviews:9080": "100.0"
                }
              }
            }
          }
        }
      },
      {
        "data": {
          "id": "2797fd518c691056c5dfd842208cfa3a1128ebd7357018e030a75faf222e55c0",
          "source": "75e6bff154aefcf8a8dcf46396a6d897afb9ad7b256b70d7e2ea5a5e8ed98242",
          "target": "75e6bff154aefcf8a8dcf46396a6d897afb9ad7b256b70d7e2ea5a5e8ed98242",
          "traffic": {
            "protocol": "http",
            "rates": {
              "http": "20.00",
              "httpPercentReq": "12.5"
            },
            "responses": {
              "200": {
                "flags": {
                  "-": "100.0"
                },
                "hosts": {
                  "productpage:9080": "100.0"
                }
              }
            }
          }
        }
      }
    ]
  }
}