// Jest Snapshot v1, https://goo.gl/fbAQLP

exports[`Overview page renders initial layout 1`] = `
<Fragment>
  <Connect(OverviewToolbarComponent)
    displayMode={1}
    onError={[Function]}
    onRefresh={[Function]}
    setDisplayMode={[Function]}
    sort={[Function]}
    statefulFilterRef={
      Object {
        "current": null,
      }
    }
  />
  <EmptyState
    className="kiali_f17rctdi"
    variant="full"
  >
    <Title
      headingLevel="h5"
      size="lg"
      style={
        Object {
          "marginTop": "50px",
        }
      }
    >
      No unfiltered namespaces
    </Title>
    <EmptyStateBody>
      Either all namespaces are being filtered or the user has no permission to access namespaces.
    </EmptyStateBody>
  </EmptyState>
  <OverviewTrafficPolicies
    duration={600}
    hideConfirmModal={[Function]}
    isOpen={false}
    kind=""
    load={[Function]}
    nsTarget=""
    opTarget=""
  />
</Fragment>
`;
