{
  "timestamp": 1523364075,
  "graphType": "app",
  "elements": {
    "nodes": [
      {
        "data": {
          "id": "2c22af42b0c750749399ed2838c56054",
          "nodeType": "app",
          "namespace": "bookinfo",
          "app": "productpage",
          "destServices": {
            "productpage": true
          },
          "rate": "50.000"
        }
      },
      {
        "data": {
          "id": "ba389fce1a74a05e1fcd46aca64941f8",
          "nodeType": "app",
          "namespace": "tutorial",
          "app": "customer",
          "destServices": {
            "customer": true
          },
          "rate": "50.000"
        }
      },
      {
        "data": {
          "id": "b30b0078325bf2e1adb4d57c4c0c2665",
          "nodeType": "unknown",
          "namespace": "unknown",
          "workload": "unknown",
          "app": "unknown",
          "version": "unknown",
          "rateOut": "50.000",
          "isRoot": true
        }
      }
    ],
    "edges": [
      {
        "data": {
          "id": "efe83e483ada36899c34ef66a7974d31",
          "source": "b30b0078325bf2e1adb4d57c4c0c2665",
          "target": "2c22af42b0c750749399ed2838c56054",
          "rate": "50.000"
        }
      },
      {
        "data": {
          "id": "40ed695fef2389ae374dbc44a9b8938d",
          "source": "b30b0078325bf2e1adb4d57c4c0c2665",
          "target": "ba389fce1a74a05e1fcd46aca64941f8",
          "rate": "50.000"
        }
      }
    ]
  }
}
