{
  "timestamp": 1523364075,
  "graphType": "app",
  "elements": {
    "nodes": [
      {
        "data": {
          "id": "2c22af42b0c750749399ed2838c56054",
          "nodeType": "app",
          "namespace": "bookinfo",
          "app": "productpage",
          "destServices": {
            "productpage": true
          },
          "rate": "50.000"
        }
      },
      {
        "data": {
          "id": "ba389fce1a74a05e1fcd46aca64941f8",
          "nodeType": "app",
          "namespace": "tutorial",
          "app": "customer",
          "destServices": {
            "customer": true
          },
          "rate": "50.000"
        }
      },
      {
        "data": {
          "id": "5c33c02dc744d0d03513a364935660b7",
          "nodeType": "unknown",
          "namespace": "unknown",
          "workload": "unknown",
          "app": "unknown",
          "version": "unknown",
          "rateOut": "50.000",
          "isRoot": true
        }
      }
    ],
    "edges": [
      {
        "data": {
          "id": "423f97a4c2e70e194b7295c6055efd76",
          "source": "5c33c02dc744d0d03513a364935660b7",
          "target": "2c22af42b0c750749399ed2838c56054",
          "rate": "50.000"
        }
      },
      {
        "data": {
          "id": "0ab99fcb65f50cbe6ca0c882a771cdef",
          "source": "5c33c02dc744d0d03513a364935660b7",
          "target": "ba389fce1a74a05e1fcd46aca64941f8",
          "rate": "50.000"
        }
      }
    ]
  }
}
