{
  "timestamp": 1523364075,
  "elements": {
    "nodes": [
      {
        "data": {
          "id": "55b1084a0b117505f1249ac8900fa976",
          "namespace": "bookinfo",
          "workload": "productpage-v1",
          "app": "productpage",
          "version": "v1",
          "rate": "50.000"
        }
      },
      {
        "data": {
          "id": "80d19073f075021e8b906b9640390368",
          "namespace": "tutorial",
          "workload": "customer-v1",
          "app": "customer",
          "version": "v1",
          "rate": "50.000"
        }
      },
      {
        "data": {
          "id": "ba113404e46b8aa41dc0e7cc339073fe",
          "namespace": "unknown",
          "workload": "unknown",
          "app": "unknown",
          "version": "unknown",
          "rateOut": "50.000",
          "isRoot": true
        }
      }
    ],
    "edges": [
      {
        "data": {
          "id": "bcb22543f306422ba7a329c84f2bea89",
          "source": "ba113404e46b8aa41dc0e7cc339073fe",
          "target": "55b1084a0b117505f1249ac8900fa976",
          "rate": "50.000"
        }
      },
      {
        "data": {
          "id": "88009c02d995a02e939dd2601e2ac0fe",
          "source": "ba113404e46b8aa41dc0e7cc339073fe",
          "target": "80d19073f075021e8b906b9640390368",
          "rate": "50.000"
        }
      }
    ]
  }
}
