// Jest Snapshot v1, https://goo.gl/fbAQLP

exports[`Language switch renders correctly 1`] = `
<Select
  id="language-select"
  isOpen={false}
  onOpenChange={[Function]}
  onSelect={[Function]}
  selected="en"
  toggle={[Function]}
>
  <SelectList>
    <SelectOption
      isSelected={true}
      value="en"
    >
      English
    </SelectOption>
    <SelectOption
      isSelected={false}
      value="es"
    >
      Español
    </SelectOption>
    <SelectOption
      isSelected={false}
      value="zh"
    >
      中文
    </SelectOption>
  </SelectList>
</Select>
`;
