// Jest Snapshot v1, https://goo.gl/fbAQLP

exports[`GraphLegend test should render correctly 1`] = `
<div
  className="kiali_f7z00y3"
  data-test="graph-legend"
>
  <div
    className="kiali_fhl98cw"
  >
    <span>
      Legend
    </span>
    <Tooltip
      content="Close Legend"
    >
      <Button
        id="legend_close"
        onClick={[MockFunction]}
        variant="plain"
      >
        <Close />
      </Button>
    </Tooltip>
  </div>
  <div
    className="kiali_fgk3kmh"
  >
    <div
      className="kiali_fqqe0s6"
      key="Node Shapes"
    >
      Node Shapes
      <div
        className="kiali_fxx5dxr"
        key="node.svg"
      >
        <span
          className="kiali_fzoxfwf"
        >
          <img
            alt="Workload"
            className=""
            src="node.svg"
          />
        </span>
        <span
          className="kiali_f7pgfh0"
        >
          Workload
        </span>
      </div>
      <div
        className="kiali_fxx5dxr"
        key="app.svg"
      >
        <span
          className="kiali_fzoxfwf"
        >
          <img
            alt="App"
            className=""
            src="app.svg"
          />
        </span>
        <span
          className="kiali_f7pgfh0"
        >
          App
        </span>
      </div>
      <div
        className="kiali_fxx5dxr"
        key="operation.svg"
      >
        <span
          className="kiali_fzoxfwf"
        >
          <img
            alt="Operation"
            className=""
            src="operation.svg"
          />
        </span>
        <span
          className="kiali_f7pgfh0"
        >
          Operation
        </span>
      </div>
      <div
        className="kiali_fxx5dxr"
        key="service.svg"
      >
        <span
          className="kiali_fzoxfwf"
        >
          <img
            alt="Service"
            className=""
            src="service.svg"
          />
        </span>
        <span
          className="kiali_f7pgfh0"
        >
          Service
        </span>
      </div>
      <div
        className="kiali_fxx5dxr"
        key="service-entry.svg"
      >
        <span
          className="kiali_fzoxfwf"
        >
          <img
            alt="Service Entry"
            className=""
            src="service-entry.svg"
          />
        </span>
        <span
          className="kiali_f7pgfh0"
        >
          Service Entry
        </span>
      </div>
    </div>
    <div
      className="kiali_fqqe0s6"
      key="Node Colors"
    >
      Node Colors
      <div
        className="kiali_fxx5dxr"
        key="node-color-healthy.svg"
      >
        <span
          className="kiali_fzoxfwf"
        >
          <img
            alt="Healthy"
            className=""
            src="node-color-healthy.svg"
          />
        </span>
        <span
          className="kiali_f7pgfh0"
        >
          Healthy
        </span>
      </div>
      <div
        className="kiali_fxx5dxr"
        key="node-color-warning.svg"
      >
        <span
          className="kiali_fzoxfwf"
        >
          <img
            alt="Warn"
            className=""
            src="node-color-warning.svg"
          />
        </span>
        <span
          className="kiali_f7pgfh0"
        >
          Warn
        </span>
      </div>
      <div
        className="kiali_fxx5dxr"
        key="node-color-danger.svg"
      >
        <span
          className="kiali_fzoxfwf"
        >
          <img
            alt="Unhealthy"
            className=""
            src="node-color-danger.svg"
          />
        </span>
        <span
          className="kiali_f7pgfh0"
        >
          Unhealthy
        </span>
      </div>
      <div
        className="kiali_fxx5dxr"
        key="node-color-idle.svg"
      >
        <span
          className="kiali_fzoxfwf"
        >
          <img
            alt="Idle"
            className=""
            src="node-color-idle.svg"
          />
        </span>
        <span
          className="kiali_f7pgfh0"
        >
          Idle
        </span>
      </div>
    </div>
    <div
      className="kiali_fqqe0s6"
      key="Node Background"
    >
      Node Background
      <div
        className="kiali_fxx5dxr"
        key="external-namespace.svg"
      >
        <span
          className="kiali_fzoxfwf"
        >
          <img
            alt="Unselected Namespace"
            className=""
            src="external-namespace.svg"
          />
        </span>
        <span
          className="kiali_f7pgfh0"
        >
          Unselected Namespace
        </span>
      </div>
      <div
        className="kiali_fxx5dxr"
        key="restricted-namespace.svg"
      >
        <span
          className="kiali_fzoxfwf"
        >
          <img
            alt="Restricted / External"
            className=""
            src="restricted-namespace.svg"
          />
        </span>
        <span
          className="kiali_f7pgfh0"
        >
          Restricted / External
        </span>
      </div>
    </div>
    <div
      className="kiali_fqqe0s6"
      key="Edges"
    >
      Edges
      <div
        className="kiali_fxx5dxr"
        key="edge-danger.svg"
      >
        <span
          className="kiali_fzoxfwf"
        >
          <img
            alt="Failure"
            className=""
            src="edge-danger.svg"
          />
        </span>
        <span
          className="kiali_f7pgfh0"
        >
          Failure
        </span>
      </div>
      <div
        className="kiali_fxx5dxr"
        key="edge-warn.svg"
      >
        <span
          className="kiali_fzoxfwf"
        >
          <img
            alt="Degraded"
            className=""
            src="edge-warn.svg"
          />
        </span>
        <span
          className="kiali_f7pgfh0"
        >
          Degraded
        </span>
      </div>
      <div
        className="kiali_fxx5dxr"
        key="edge-success.svg"
      >
        <span
          className="kiali_fzoxfwf"
        >
          <img
            alt="Healthy"
            className=""
            src="edge-success.svg"
          />
        </span>
        <span
          className="kiali_f7pgfh0"
        >
          Healthy
        </span>
      </div>
      <div
        className="kiali_fxx5dxr"
        key="edge-tcp.svg"
      >
        <span
          className="kiali_fzoxfwf"
        >
          <img
            alt="TCP Connection"
            className=""
            src="edge-tcp.svg"
          />
        </span>
        <span
          className="kiali_f7pgfh0"
        >
          TCP Connection
        </span>
      </div>
      <div
        className="kiali_fxx5dxr"
        key="edge-idle.svg"
      >
        <span
          className="kiali_fzoxfwf"
        >
          <img
            alt="Idle"
            className=""
            src="edge-idle.svg"
          />
        </span>
        <span
          className="kiali_f7pgfh0"
        >
          Idle
        </span>
      </div>
      <div
        className="kiali_fxx5dxr"
        key="mtls-badge.svg"
      >
        <span
          className="kiali_fzoxfwf"
        >
          <img
            alt="mTLS (badge)"
            className=""
            src="mtls-badge.svg"
          />
        </span>
        <span
          className="kiali_f7pgfh0"
        >
          mTLS (badge)
        </span>
      </div>
    </div>
    <div
      className="kiali_fqqe0s6"
      key="Traffic Animation"
    >
      Traffic Animation
      <div
        className="kiali_fxx5dxr"
        key="traffic-healthy-request.svg"
      >
        <span
          className="kiali_fzoxfwf"
        >
          <img
            alt="Healthy Request"
            className=""
            src="traffic-healthy-request.svg"
          />
        </span>
        <span
          className="kiali_f7pgfh0"
        >
          Healthy Request
        </span>
      </div>
      <div
        className="kiali_fxx5dxr"
        key="traffic-failed-request.svg"
      >
        <span
          className="kiali_fzoxfwf"
        >
          <img
            alt="Failed Request"
            className=""
            src="traffic-failed-request.svg"
          />
        </span>
        <span
          className="kiali_f7pgfh0"
        >
          Failed Request
        </span>
      </div>
      <div
        className="kiali_fxx5dxr"
        key="traffic-tcp.svg"
      >
        <span
          className="kiali_fzoxfwf"
        >
          <img
            alt="TCP Traffic"
            className=""
            src="traffic-tcp.svg"
          />
        </span>
        <span
          className="kiali_f7pgfh0"
        >
          TCP Traffic
        </span>
      </div>
    </div>
    <div
      className="kiali_fqqe0s6"
      key="Node Badges"
    >
      Node Badges
      <div
        className="kiali_fxx5dxr"
        key="node-badge-circuit-breaker.svg"
      >
        <span
          className="kiali_fzoxfwf"
        >
          <img
            alt="Circuit Breaker"
            className="kiali_f8j7sv3"
            src="node-badge-circuit-breaker.svg"
          />
        </span>
        <span
          className="kiali_f7pgfh0"
        >
          Circuit Breaker
        </span>
      </div>
      <div
        className="kiali_fxx5dxr"
        key="node-badge-fault-injection.svg"
      >
        <span
          className="kiali_fzoxfwf"
        >
          <img
            alt="Fault Injection"
            className="kiali_f8j7sv3"
            src="node-badge-fault-injection.svg"
          />
        </span>
        <span
          className="kiali_f7pgfh0"
        >
          Fault Injection
        </span>
      </div>
      <div
        className="kiali_fxx5dxr"
        key="node-badge-gateways.svg"
      >
        <span
          className="kiali_fzoxfwf"
        >
          <img
            alt="Gateway"
            className="kiali_f8j7sv3"
            src="node-badge-gateways.svg"
          />
        </span>
        <span
          className="kiali_f7pgfh0"
        >
          Gateway
        </span>
      </div>
      <div
        className="kiali_fxx5dxr"
        key="node-badge-mirroring.svg"
      >
        <span
          className="kiali_fzoxfwf"
        >
          <img
            alt="Mirroring"
            className="kiali_f8j7sv3"
            src="node-badge-mirroring.svg"
          />
        </span>
        <span
          className="kiali_f7pgfh0"
        >
          Mirroring
        </span>
      </div>
      <div
        className="kiali_fxx5dxr"
        key="node-badge-missing-sidecar.svg"
      >
        <span
          className="kiali_fzoxfwf"
        >
          <img
            alt="Missing Sidecar"
            className="kiali_f8j7sv3"
            src="node-badge-missing-sidecar.svg"
          />
        </span>
        <span
          className="kiali_f7pgfh0"
        >
          Missing Sidecar
        </span>
      </div>
      <div
        className="kiali_fxx5dxr"
        key="node-badge-request-timeout.svg"
      >
        <span
          className="kiali_fzoxfwf"
        >
          <img
            alt="Request Timeout"
            className="kiali_f8j7sv3"
            src="node-badge-request-timeout.svg"
          />
        </span>
        <span
          className="kiali_f7pgfh0"
        >
          Request Timeout
        </span>
      </div>
      <div
        className="kiali_fxx5dxr"
        key="node-badge-traffic-shifting.svg"
      >
        <span
          className="kiali_fzoxfwf"
        >
          <img
            alt="Traffic Shifting / TCP Traffic Shifting"
            className="kiali_f8j7sv3"
            src="node-badge-traffic-shifting.svg"
          />
        </span>
        <span
          className="kiali_f7pgfh0"
        >
          Traffic Shifting / TCP Traffic Shifting
        </span>
      </div>
      <div
        className="kiali_fxx5dxr"
        key="node-badge-traffic-source.svg"
      >
        <span
          className="kiali_fzoxfwf"
        >
          <img
            alt="Traffic Source"
            className="kiali_f8j7sv3"
            src="node-badge-traffic-source.svg"
          />
        </span>
        <span
          className="kiali_f7pgfh0"
        >
          Traffic Source
        </span>
      </div>
      <div
        className="kiali_fxx5dxr"
        key="node-badge-virtual-services.svg"
      >
        <span
          className="kiali_fzoxfwf"
        >
          <img
            alt="Virtual Service / Request Routing"
            className="kiali_f8j7sv3"
            src="node-badge-virtual-services.svg"
          />
        </span>
        <span
          className="kiali_f7pgfh0"
        >
          Virtual Service / Request Routing
        </span>
      </div>
      <div
        className="kiali_fxx5dxr"
        key="node-badge-workload-entry.svg"
      >
        <span
          className="kiali_fzoxfwf"
        >
          <img
            alt="Workload Entry"
            className="kiali_f8j7sv3"
            src="node-badge-workload-entry.svg"
          />
        </span>
        <span
          className="kiali_f7pgfh0"
        >
          Workload Entry
        </span>
      </div>
    </div>
  </div>
</div>
`;
